 oracledb

 Timestamp is 5dab2a4a (Sat Oct 19 11:22:50 2019)

 Preferred load address is 10000000

 Start         Length     Name                   Class
 0001:00000000 00047c77H .text$mn                CODE
 0002:00000000 00000148H .idata$5                DATA
 0002:00000148 00000004H .00cfg                  DATA
 0002:0000014c 00000004H .CRT$XCA                DATA
 0002:00000150 00000008H .CRT$XCU                DATA
 0002:00000158 00000004H .CRT$XCZ                DATA
 0002:0000015c 00000004H .CRT$XIA                DATA
 0002:00000160 0000000cH .CRT$XIC                DATA
 0002:0000016c 00000004H .CRT$XIZ                DATA
 0002:00000170 00000004H .CRT$XPA                DATA
 0002:00000174 00000008H .CRT$XPX                DATA
 0002:0000017c 00000004H .CRT$XPXA               DATA
 0002:00000180 00000004H .CRT$XPZ                DATA
 0002:00000184 00000004H .CRT$XTA                DATA
 0002:00000188 00000008H .CRT$XTZ                DATA
 0002:00000190 0000e7f0H .rdata                  DATA
 0002:0000e980 00000000H .rdata$r                DATA
 0002:0000e980 0000000cH .rdata$sxdata           DATA
 0002:0000e98c 000003a4H .rdata$zzzdbg           DATA
 0002:0000ed30 00000004H .rtc$IAA                DATA
 0002:0000ed34 00000004H .rtc$IZZ                DATA
 0002:0000ed38 00000004H .rtc$TAA                DATA
 0002:0000ed3c 00000004H .rtc$TZZ                DATA
 0002:0000ed40 000004ccH .xdata$x                DATA
 0002:0000f20c 00000020H .didat$2                DATA
 0002:0000f22c 00000020H .didat$3                DATA
 0002:0000f24c 0000011cH .didat$4                DATA
 0002:0000f368 00000604H .didat$6                DATA
 0002:0000f96c 00000124H .didat$7                DATA
 0002:0000fa90 00000054H .edata                  DATA
 0002:0000fae4 00000014H .idata$2                DATA
 0002:0000faf8 00000014H .idata$3                DATA
 0002:0000fb0c 00000148H .idata$4                DATA
 0002:0000fc54 000005e6H .idata$6                DATA
 0003:00000000 00000c60H .data                   DATA
 0003:00000c60 00000000H .data$r                 DATA
 0003:00000c60 00000120H .didat$5                DATA
 0003:00000d80 00001978H .bss                    DATA
 0004:00000000 0000008cH .gfids$x                DATA
 0004:0000008c 00000014H .gfids$y                DATA
 0005:00000000 00000060H .rsrc$01                DATA
 0005:00000060 00000180H .rsrc$02                DATA

  Address         Publics by Value              Rva+Base       Lib:Object

 0000:00000000       ___guard_iat_count         00000000     <absolute>
 0000:00000000       ___guard_fids_count        00000000     <absolute>
 0000:00000000       ___guard_iat_table         00000000     <absolute>
 0000:00000000       __except_list              00000000     <absolute>
 0000:00000000       ___guard_fids_table        00000000     <absolute>
 0000:00000000       ___guard_longjmp_count     00000000     <absolute>
 0000:00000000       ___dynamic_value_reloc_table 00000000     <absolute>
 0000:00000000       ___guard_longjmp_table     00000000     <absolute>
 0000:00000003       ___safe_se_handler_count   00000003     <absolute>
 0000:00000100       ___guard_flags             00000100     <absolute>
 0000:00000000       ___ImageBase               10000000     <linker-defined>
 0001:000017b0       _njsAqQueue_createFromHandle 100027b0 f   njsAqQueue.obj
 0001:000022b0       _njsBaton_create           100032b0 f   njsBaton.obj
 0001:000023a0       _njsBaton_free             100033a0 f   njsBaton.obj
 0001:00002f30       _njsBaton_getBoolFromArg   10003f30 f   njsBaton.obj
 0001:00002fa0       _njsBaton_getErrorInfo     10003fa0 f   njsBaton.obj
 0001:000030d0       _njsBaton_getFetchInfoFromArg 100040d0 f   njsBaton.obj
 0001:00003280       _njsBaton_getIntFromArg    10004280 f   njsBaton.obj
 0001:00003330       _njsBaton_getNumOutBinds   10004330 f   njsBaton.obj
 0001:00003460       _njsBaton_getSodaDocument  10004460 f   njsBaton.obj
 0001:000035e0       _njsBaton_getStringFromArg 100045e0 f   njsBaton.obj
 0001:00003620       _njsBaton_getStringArrayFromArg 10004620 f   njsBaton.obj
 0001:00003740       _njsBaton_getSubscription  10004740 f   njsBaton.obj
 0001:000038f0       _njsBaton_getUnsignedIntFromArg 100048f0 f   njsBaton.obj
 0001:000039c0       _njsBaton_getValueFromArg  100049c0 f   njsBaton.obj
 0001:00003a00       _njsBaton_isBindValue      10004a00 f   njsBaton.obj
 0001:00003af0       _njsBaton_isDate           10004af0 f   njsBaton.obj
 0001:00003b20       _njsBaton_queueWork        10004b20 f   njsBaton.obj
 0001:00003c50       _njsBaton_reportError      10004c50 f   njsBaton.obj
 0001:00003cf0       _njsBaton_setConstructors  10004cf0 f   njsBaton.obj
 0001:00003dc0       _njsBaton_setError         10004dc0 f   njsBaton.obj
 0001:00003e30       _njsBaton_setErrorDPI      10004e30 f   njsBaton.obj
 0001:00003eb0       ___local_stdio_printf_options 10004eb0 f i njsConnection.obj
 0001:00003ec0       _snprintf                  10004ec0 f i njsConnection.obj
 0001:00006a00       _njsConnection_newFromBaton 10007a00 f   njsConnection.obj
 0001:00008c10       _njsDbObject_getInstance   10009c10 f   njsDbObject.obj
 0001:00009450       _njsDbObject_getSubClass   1000a450 f   njsDbObject.obj
 0001:000099c0       _njsDbObject_new           1000a9c0 f   njsDbObject.obj
 0001:0000a7e0       _njsDbObjectType_getFromClass 1000b7e0 f   njsDbObject.obj
 0001:0000ae00       _njsErrors_getMessage      1000be00 f   njsErrors.obj
 0001:0000ae20       _njsErrors_getMessageVaList 1000be20 f   njsErrors.obj
 0001:0000b500       _njsLob_new                1000c500 f   njsLob.obj
 0001:0000d170       _njsOracleDb_new           1000e170 f   njsOracleDb.obj
 0001:0000d2d0       _njsOracleDb_prepareClass  1000e2d0 f   njsOracleDb.obj
 0001:0000e280       _njsPool_newFromBaton      1000f280 f   njsPool.obj
 0001:0000eb30       _njsResultSet_new          1000fb30 f   njsResultSet.obj
 0001:0000f9d0       _njsSodaCollection_newFromBaton 100109d0 f   njsSodaCollection.obj
 0001:000101a0       _njsSodaDatabase_createFromHandle 100111a0 f   njsSodaDatabase.obj
 0001:000105a0       _njsSodaDocument_createFromHandle 100115a0 f   njsSodaDocument.obj
 0001:00010aa0       _njsSodaOperation_createFromCollection 10011aa0 f   njsSodaOperation.obj
 0001:00011b90       _njsSubscription_eventHandler 10012b90 f   njsSubscription.obj
 0001:00011cd0       _njsSubscription_new       10012cd0 f   njsSubscription.obj
 0001:00012070       _njsSubscription_startNotifications 10013070 f   njsSubscription.obj
 0001:00012140       _njsUtils_addTypeProperties 10013140 f   njsUtils.obj
 0001:000123f0       _njsUtils_convertToBoolean 100133f0 f   njsUtils.obj
 0001:00012460       _njsUtils_convertToInt     10013460 f   njsUtils.obj
 0001:000124d0       _njsUtils_convertToString  100134d0 f   njsUtils.obj
 0001:00012540       _njsUtils_convertToUnsignedInt 10013540 f   njsUtils.obj
 0001:000125b0       _njsUtils_convertToUnsignedIntArray 100135b0 f   njsUtils.obj
 0001:000126b0       _njsUtils_copyString       100136b0 f   njsUtils.obj
 0001:00012700       _njsUtils_copyStringFromJS 10013700 f   njsUtils.obj
 0001:000127d0       _njsUtils_createBaton      100137d0 f   njsUtils.obj
 0001:00012860       _njsUtils_genericNew       10013860 f   njsUtils.obj
 0001:000129d0       _njsUtils_genericThrowError 100139d0 f   njsUtils.obj
 0001:00012a20       _njsUtils_getError         10013a20 f   njsUtils.obj
 0001:00012b40       _njsUtils_getIntArg        10013b40 f   njsUtils.obj
 0001:00012bf0       _njsUtils_getNull          10013bf0 f   njsUtils.obj
 0001:00012c60       _njsUtils_getOwnPropertyNames 10013c60 f   njsUtils.obj
 0001:00012d30       _njsUtils_getStringFromArg 10013d30 f   njsUtils.obj
 0001:00012e00       _njsUtils_getUnsignedIntArg 10013e00 f   njsUtils.obj
 0001:00012ed0       _njsUtils_getValueFromArg  10013ed0 f   njsUtils.obj
 0001:00012fa0       _njsUtils_isBuffer         10013fa0 f   njsUtils.obj
 0001:00012fc0       _njsUtils_setPropBool      10013fc0 f   njsUtils.obj
 0001:00013040       _njsUtils_setPropInt       10014040 f   njsUtils.obj
 0001:00013110       _njsUtils_setPropUnsignedInt 10014110 f   njsUtils.obj
 0001:00013200       _njsUtils_setPropUnsignedIntArray 10014200 f   njsUtils.obj
 0001:000133c0       _njsUtils_throwError       100143c0 f   njsUtils.obj
 0001:00013450       _njsUtils_throwErrorDPI    10014450 f   njsUtils.obj
 0001:000134d0       _njsUtils_validateArgs     100144d0 f   njsUtils.obj
 0001:000135a0       _njsUtils_validateArgType  100145a0 f   njsUtils.obj
 0001:00013630       _njsUtils_validatePropType 10014630 f   njsUtils.obj
 0001:000136c0       _njsVariable_createBuffer  100146c0 f   njsVariable.obj
 0001:00013890       _njsVariable_free          10014890 f   njsVariable.obj
 0001:00013a30       _njsVariable_getArrayValue 10014a30 f   njsVariable.obj
 0001:00013b40       _njsVariable_getDataType   10014b40 f   njsVariable.obj
 0001:00013bd0       _njsVariable_getMetadataMany 10014bd0 f   njsVariable.obj
 0001:00013cd0       _njsVariable_getMetadataOne 10014cd0 f   njsVariable.obj
 0001:00013ef0       _njsVariable_getScalarValue 10014ef0 f   njsVariable.obj
 0001:00014280       _njsVariable_initForQuery  10015280 f   njsVariable.obj
 0001:000144f0       _njsVariable_initForQueryJS 100154f0 f   njsVariable.obj
 0001:00014540       _njsVariable_performMapping 10015540 f   njsVariable.obj
 0001:000146c0       _njsVariable_process       100156c0 f   njsVariable.obj
 0001:000148a0       _njsVariable_processJS     100158a0 f   njsVariable.obj
 0001:00014c80       _njsVariable_setScalarValue 10015c80 f   njsVariable.obj
 0001:00015190       _njsVariable_setValue      10016190 f   njsVariable.obj
 0001:00015980       _dpiConn__create           10016980 f   dpiConn.obj
 0001:00015c80       _dpiConn__free             10016c80 f   dpiConn.obj
 0001:000160b0       _dpiConn__getServerVersion 100170b0 f   dpiConn.obj
 0001:00016de0       _dpiConn_breakExecution    10017de0 f   dpiConn.obj
 0001:00016e70       _dpiConn_changePassword    10017e70 f   dpiConn.obj
 0001:00016fa0       _dpiConn_close             10017fa0 f   dpiConn.obj
 0001:00017160       _dpiConn_commit            10018160 f   dpiConn.obj
 0001:00017200       _dpiConn_create            10018200 f   dpiConn.obj
 0001:000175a0       _dpiConn_getSodaDb         100185a0 f   dpiConn.obj
 0001:000176e0       _dpiConn_getCallTimeout    100186e0 f   dpiConn.obj
 0001:00017800       _dpiConn_getObjectType     10018800 f   dpiConn.obj
 0001:00017a00       _dpiConn_getServerVersion  10018a00 f   dpiConn.obj
 0001:00017b30       _dpiConn_getStmtCacheSize  10018b30 f   dpiConn.obj
 0001:00017c10       _dpiConn_newTempLob        10018c10 f   dpiConn.obj
 0001:00017d70       _dpiConn_newMsgProps       10018d70 f   dpiConn.obj
 0001:00017e40       _dpiConn_newQueue          10018e40 f   dpiConn.obj
 0001:00017f40       _dpiConn_newVar            10018f40 f   dpiConn.obj
 0001:00018050       _dpiConn_ping              10019050 f   dpiConn.obj
 0001:000180e0       _dpiConn_prepareStmt       100190e0 f   dpiConn.obj
 0001:00018230       _dpiConn_rollback          10019230 f   dpiConn.obj
 0001:000182d0       _dpiConn_setAction         100192d0 f   dpiConn.obj
 0001:000182f0       _dpiConn_setCallTimeout    100192f0 f   dpiConn.obj
 0001:000183e0       _dpiConn_setClientIdentifier 100193e0 f   dpiConn.obj
 0001:00018400       _dpiConn_setCurrentSchema  10019400 f   dpiConn.obj
 0001:00018420       _dpiConn_setModule         10019420 f   dpiConn.obj
 0001:00018440       _dpiConn_setStmtCacheSize  10019440 f   dpiConn.obj
 0001:000184f0       _dpiConn_subscribe         100194f0 f   dpiConn.obj
 0001:00018650       _dpiConn_unsubscribe       10019650 f   dpiConn.obj
 0001:00018760       _sprintf                   10019760 f i dpiContext.obj
 0001:00018820       _dpiContext__initPoolCreateParams 10019820 f   dpiContext.obj
 0001:00018860       _dpiContext_create         10019860 f   dpiContext.obj
 0001:000188d0       _dpiContext_destroy        100198d0 f   dpiContext.obj
 0001:000189c0       _dpiContext_getClientVersion 100199c0 f   dpiContext.obj
 0001:00018a60       _dpiContext_initCommonCreateParams 10019a60 f   dpiContext.obj
 0001:00018b00       _dpiContext_initConnCreateParams 10019b00 f   dpiContext.obj
 0001:00018be0       _dpiContext_initPoolCreateParams 10019be0 f   dpiContext.obj
 0001:00018ce0       _dpiContext_initSubscrCreateParams 10019ce0 f   dpiContext.obj
 0001:00018dd0       _dpiDataBuffer__fromOracleDate 10019dd0 f   dpiData.obj
 0001:00018e10       _dpiDataBuffer__fromOracleDateAsDouble 10019e10 f   dpiData.obj
 0001:00018ec0       _dpiDataBuffer__fromOracleNumberAsText 10019ec0 f   dpiData.obj
 0001:00019120       _dpiDataBuffer__fromOracleTimestamp 1001a120 f   dpiData.obj
 0001:000191b0       _dpiDataBuffer__fromOracleTimestampAsDouble 1001a1b0 f   dpiData.obj
 0001:000192d0       _dpiDataBuffer__toOracleDate 1001a2d0 f   dpiData.obj
 0001:00019300       _dpiDataBuffer__toOracleDateFromDouble 1001a300 f   dpiData.obj
 0001:00019420       _dpiDataBuffer__toOracleNumberFromDouble 1001a420 f   dpiData.obj
 0001:00019470       _dpiDataBuffer__toOracleNumberFromText 1001a470 f   dpiData.obj
 0001:00019600       _dpiDataBuffer__toOracleTimestamp 1001a600 f   dpiData.obj
 0001:000196c0       _dpiDataBuffer__toOracleTimestampFromDouble 1001a6c0 f   dpiData.obj
 0001:000199e0       _dpiDebug__initialize      1001a9e0 f   dpiDebug.obj
 0001:00019a80       _dpiDebug__print           1001aa80 f   dpiDebug.obj
 0001:00019ae0       _dpiDeqOptions__free       1001aae0 f   dpiDeqOptions.obj
 0001:00019cb0       _dpiDeqOptions_addRef      1001acb0 f   dpiDeqOptions.obj
 0001:00019d10       _dpiDeqOptions_getMsgId    1001ad10 f   dpiDeqOptions.obj
 0001:00019e20       _dpiDeqOptions_setCondition 1001ae20 f   dpiDeqOptions.obj
 0001:00019e40       _dpiDeqOptions_setConsumerName 1001ae40 f   dpiDeqOptions.obj
 0001:00019e60       _dpiDeqOptions_setCorrelation 1001ae60 f   dpiDeqOptions.obj
 0001:00019e80       _dpiDeqOptions_setMsgId    1001ae80 f   dpiDeqOptions.obj
 0001:00019f70       _dpiDeqOptions_setTransformation 1001af70 f   dpiDeqOptions.obj
 0001:00019f90       _dpiEnqOptions__free       1001af90 f   dpiEnqOptions.obj
 0001:0001a160       _dpiEnqOptions_addRef      1001b160 f   dpiEnqOptions.obj
 0001:0001a1c0       _dpiEnv__free              1001b1c0 f   dpiEnv.obj
 0001:0001a290       _dpiEnv__init              1001b290 f   dpiEnv.obj
 0001:0001a520       _dpiError__getInfo         1001b520 f   dpiError.obj
 0001:0001a640       _dpiError__set             1001b640 f   dpiError.obj
 0001:0001a710       _dpiError__setFromOCI      1001b710 f   dpiError.obj
 0001:0001aa10       _dpiGen__allocate          1001ba10 f   dpiGen.obj
 0001:0001ab30       _dpiGen__checkHandle       1001bb30 f   dpiGen.obj
 0001:0001ab70       _dpiGen__endPublicFn       1001bb70 f   dpiGen.obj
 0001:0001abf0       _dpiGen__setRefCount       1001bbf0 f   dpiGen.obj
 0001:0001ac80       _dpiGen__startPublicFn     1001bc80 f   dpiGen.obj
 0001:0001ae70       _dpiGlobal__initError      1001be70 f   dpiGlobal.obj
 0001:0001b050       _dpiGlobal__lookupCharSet  1001c050 f   dpiGlobal.obj
 0001:0001b280       _dpiGlobal__lookupEncoding 1001c280 f   dpiGlobal.obj
 0001:0001b390       _dpiHandleList__addHandle  1001c390 f   dpiHandleList.obj
 0001:0001b4d0       _dpiHandleList__create     1001c4d0 f   dpiHandleList.obj
 0001:0001b5c0       _dpiHandleList__free       1001c5c0 f   dpiHandleList.obj
 0001:0001b620       _dpiHandleList__removeHandle 1001c620 f   dpiHandleList.obj
 0001:0001b650       _dpiHandlePool__acquire    1001c650 f   dpiHandlePool.obj
 0001:0001b780       _dpiHandlePool__create     1001c780 f   dpiHandlePool.obj
 0001:0001b870       _dpiHandlePool__free       1001c870 f   dpiHandlePool.obj
 0001:0001b8d0       _dpiHandlePool__release    1001c8d0 f   dpiHandlePool.obj
 0001:0001b920       _dpiLob__allocate          1001c920 f   dpiLob.obj
 0001:0001ba50       _dpiLob__close             1001ca50 f   dpiLob.obj
 0001:0001bbb0       _dpiLob__free              1001cbb0 f   dpiLob.obj
 0001:0001bc10       _dpiLob__readBytes         1001cc10 f   dpiLob.obj
 0001:0001bd00       _dpiLob__setFromBytes      1001cd00 f   dpiLob.obj
 0001:0001bd50       _dpiLob_addRef             1001cd50 f   dpiLob.obj
 0001:0001bdb0       _dpiLob_close              1001cdb0 f   dpiLob.obj
 0001:0001be10       _dpiLob_copy               1001ce10 f   dpiLob.obj
 0001:0001bef0       _dpiLob_getBufferSize      1001cef0 f   dpiLob.obj
 0001:0001bfe0       _dpiLob_getChunkSize       1001cfe0 f   dpiLob.obj
 0001:0001c070       _dpiLob_getSize            1001d070 f   dpiLob.obj
 0001:0001c100       _dpiLob_readBytes          1001d100 f   dpiLob.obj
 0001:0001c1c0       _dpiLob_release            1001d1c0 f   dpiLob.obj
 0001:0001c220       _dpiLob_writeBytes         1001d220 f   dpiLob.obj
 0001:0001c2c0       _dpiMsgProps__allocate     1001d2c0 f   dpiMsgProps.obj
 0001:0001c340       _dpiMsgProps__free         1001d340 f   dpiMsgProps.obj
 0001:0001c570       _dpiMsgProps_getMsgId      1001d570 f   dpiMsgProps.obj
 0001:0001c660       _dpiMsgProps_getOriginalMsgId 1001d660 f   dpiMsgProps.obj
 0001:0001c770       _dpiMsgProps_getPayload    1001d770 f   dpiMsgProps.obj
 0001:0001c810       _dpiMsgProps_setPayloadBytes 1001d810 f   dpiMsgProps.obj
 0001:0001c8e0       _dpiMsgProps_setPayloadObject 1001d8e0 f   dpiMsgProps.obj
 0001:0001c990       _dpiObjectAttr__allocate   1001d990 f   dpiObjectAttr.obj
 0001:0001ca40       _dpiObjectAttr__free       1001da40 f   dpiObjectAttr.obj
 0001:0001cae0       _dpiObjectAttr_getInfo     1001dae0 f   dpiObjectAttr.obj
 0001:0001cb90       _dpiObject__allocate       1001db90 f   dpiObject.obj
 0001:0001cde0       _dpiObject__close          1001dde0 f   dpiObject.obj
 0001:0001ce90       _dpiObject__closeHelper    1001de90 f   dpiObject.obj
 0001:0001cf20       _dpiObject__free           1001df20 f   dpiObject.obj
 0001:0001d7b0       _dpiObject_addRef          1001e7b0 f   dpiObject.obj
 0001:0001d810       _dpiObject_appendElement   1001e810 f   dpiObject.obj
 0001:0001d930       _dpiObject_copy            1001e930 f   dpiObject.obj
 0001:0001dae0       _dpiObject_deleteElementByIndex 1001eae0 f   dpiObject.obj
 0001:0001db40       _dpiObject_getAttributeValue 1001eb40 f   dpiObject.obj
 0001:0001dd00       _dpiObject_getElementExistsByIndex 1001ed00 f   dpiObject.obj
 0001:0001dda0       _dpiObject_getElementValueByIndex 1001eda0 f   dpiObject.obj
 0001:0001deb0       _dpiObject_getFirstIndex   1001eeb0 f   dpiObject.obj
 0001:0001dfb0       _dpiObject_getLastIndex    1001efb0 f   dpiObject.obj
 0001:0001e0c0       _dpiObject_getNextIndex    1001f0c0 f   dpiObject.obj
 0001:0001e180       _dpiObject_getPrevIndex    1001f180 f   dpiObject.obj
 0001:0001e230       _dpiObject_getSize         1001f230 f   dpiObject.obj
 0001:0001e2c0       _dpiObject_release         1001f2c0 f   dpiObject.obj
 0001:0001e320       _dpiObject_setAttributeValue 1001f320 f   dpiObject.obj
 0001:0001e540       _dpiObject_setElementValueByIndex 1001f540 f   dpiObject.obj
 0001:0001e670       _dpiObject_trim            1001f670 f   dpiObject.obj
 0001:0001e6d0       _dpiObjectType__allocate   1001f6d0 f   dpiObjectType.obj
 0001:0001e870       _dpiObjectType__free       1001f870 f   dpiObjectType.obj
 0001:0001ea20       _dpiObjectType__isXmlType  1001fa20 f   dpiObjectType.obj
 0001:0001ea70       _dpiObjectType_addRef      1001fa70 f   dpiObjectType.obj
 0001:0001ead0       _dpiObjectType_createObject 1001fad0 f   dpiObjectType.obj
 0001:0001ec20       _dpiObjectType_getAttributes 1001fc20 f   dpiObjectType.obj
 0001:0001ee30       _dpiObjectType_getInfo     1001fe30 f   dpiObjectType.obj
 0001:0001eef0       _dpiObjectType_release     1001fef0 f   dpiObjectType.obj
 0001:0001ef80       _dpiOci__aqDeqArray        1001ff80 f   dpiOci.obj
 0001:0001f090       _dpiOci__aqEnq             10020090 f   dpiOci.obj
 0001:0001f1a0       _dpiOci__aqEnqArray        100201a0 f   dpiOci.obj
 0001:0001f2b0       _dpiOci__arrayDescriptorAlloc 100202b0 f   dpiOci.obj
 0001:0001f360       _dpiOci__arrayDescriptorFree 10020360 f   dpiOci.obj
 0001:0001f400       _dpiOci__attrGet           10020400 f   dpiOci.obj
 0001:0001f4a0       _dpiOci__attrSet           100204a0 f   dpiOci.obj
 0001:0001f540       _dpiOci__bindByName        10020540 f   dpiOci.obj
 0001:0001f710       _dpiOci__bindByName2       10020710 f   dpiOci.obj
 0001:0001f8e0       _dpiOci__bindByPos         100208e0 f   dpiOci.obj
 0001:0001fab0       _dpiOci__bindByPos2        10020ab0 f   dpiOci.obj
 0001:0001fc80       _dpiOci__bindDynamic       10020c80 f   dpiOci.obj
 0001:0001fd80       _dpiOci__bindObject        10020d80 f   dpiOci.obj
 0001:0001fea0       _dpiOci__break             10020ea0 f   dpiOci.obj
 0001:0001ff90       _dpiOci__collAppend        10020f90 f   dpiOci.obj
 0001:000200a0       _dpiOci__collAssignElem    100210a0 f   dpiOci.obj
 0001:000201b0       _dpiOci__collGetElem       100211b0 f   dpiOci.obj
 0001:000202d0       _dpiOci__collSize          100212d0 f   dpiOci.obj
 0001:000203e0       _dpiOci__collTrim          100213e0 f   dpiOci.obj
 0001:000204f0       _dpiOci__contextGetValue   100214f0 f   dpiOci.obj
 0001:000205f0       _dpiOci__contextSetValue   100215f0 f   dpiOci.obj
 0001:000206f0       _dpiOci__dateTimeConstruct 100216f0 f   dpiOci.obj
 0001:00020800       _dpiOci__dateTimeConvert   10021800 f   dpiOci.obj
 0001:00020900       _dpiOci__dateTimeGetDate   10021900 f   dpiOci.obj
 0001:00020a00       _dpiOci__dateTimeGetTime   10021a00 f   dpiOci.obj
 0001:00020b00       _dpiOci__dateTimeGetTimeZoneOffset 10021b00 f   dpiOci.obj
 0001:00020c00       _dpiOci__dateTimeIntervalAdd 10021c00 f   dpiOci.obj
 0001:00020d00       _dpiOci__dateTimeSubtract  10021d00 f   dpiOci.obj
 0001:00020e00       _dpiOci__defineByPos       10021e00 f   dpiOci.obj
 0001:00020f90       _dpiOci__defineByPos2      10021f90 f   dpiOci.obj
 0001:00021130       _dpiOci__defineDynamic     10022130 f   dpiOci.obj
 0001:00021230       _dpiOci__defineObject      10022230 f   dpiOci.obj
 0001:00021350       _dpiOci__describeAny       10022350 f   dpiOci.obj
 0001:00021460       _dpiOci__descriptorAlloc   10022460 f   dpiOci.obj
 0001:00021510       _dpiOci__descriptorFree    10022510 f   dpiOci.obj
 0001:000215b0       _dpiOci__envNlsCreate      100225b0 f   dpiOci.obj
 0001:000216c0       _dpiOci__errorGet          100226c0 f   dpiOci.obj
 0001:00021890       _dpiOci__handleAlloc       10022890 f   dpiOci.obj
 0001:00021960       _dpiOci__handleFree        10022960 f   dpiOci.obj
 0001:00021a00       _dpiOci__intervalGetDaySecond 10022a00 f   dpiOci.obj
 0001:00021b10       _dpiOci__intervalGetYearMonth 10022b10 f   dpiOci.obj
 0001:00021c10       _dpiOci__intervalSetDaySecond 10022c10 f   dpiOci.obj
 0001:00021d20       _dpiOci__intervalSetYearMonth 10022d20 f   dpiOci.obj
 0001:00022540       _dpiOci__lobClose          10023540 f   dpiOci.obj
 0001:00022640       _dpiOci__lobCreateTemporary 10023640 f   dpiOci.obj
 0001:00022760       _dpiOci__lobFreeTemporary  10023760 f   dpiOci.obj
 0001:00022860       _dpiOci__lobGetChunkSize   10023860 f   dpiOci.obj
 0001:00022970       _dpiOci__lobGetLength2     10023970 f   dpiOci.obj
 0001:00022a80       _dpiOci__lobIsOpen         10023a80 f   dpiOci.obj
 0001:00022b90       _dpiOci__lobIsTemporary    10023b90 f   dpiOci.obj
 0001:00022cb0       _dpiOci__lobLocatorAssign  10023cb0 f   dpiOci.obj
 0001:00022dc0       _dpiOci__lobOpen           10023dc0 f   dpiOci.obj
 0001:00022ee0       _dpiOci__lobRead2          10023ee0 f   dpiOci.obj
 0001:00023030       _dpiOci__lobTrim2          10024030 f   dpiOci.obj
 0001:00023150       _dpiOci__lobWrite2         10024150 f   dpiOci.obj
 0001:000232b0       _dpiOci__memoryAlloc       100242b0 f   dpiOci.obj
 0001:000233c0       _dpiOci__memoryFree        100243c0 f   dpiOci.obj
 0001:000234a0       _dpiOci__nlsCharSetConvert 100244a0 f   dpiOci.obj
 0001:000235b0       _dpiOci__nlsCharSetIdToName 100245b0 f   dpiOci.obj
 0001:00023640       _dpiOci__nlsCharSetNameToId 10024640 f   dpiOci.obj
 0001:000236d0       _dpiOci__nlsEnvironmentVariableGet 100246d0 f   dpiOci.obj
 0001:00023780       _dpiOci__nlsNameMap        10024780 f   dpiOci.obj
 0001:00023810       _dpiOci__nlsNumericInfoGet 10024810 f   dpiOci.obj
 0001:00023910       _dpiOci__numberFromInt     10024910 f   dpiOci.obj
 0001:00023a10       _dpiOci__numberFromReal    10024a10 f   dpiOci.obj
 0001:00023b10       _dpiOci__numberToInt       10024b10 f   dpiOci.obj
 0001:00023c10       _dpiOci__numberToReal      10024c10 f   dpiOci.obj
 0001:00023d10       _dpiOci__objectCopy        10024d10 f   dpiOci.obj
 0001:00023e40       _dpiOci__objectFree        10024e40 f   dpiOci.obj
 0001:00023f50       _dpiOci__objectGetAttr     10024f50 f   dpiOci.obj
 0001:00024090       _dpiOci__objectGetInd      10025090 f   dpiOci.obj
 0001:000241a0       _dpiOci__objectNew         100251a0 f   dpiOci.obj
 0001:000242c0       _dpiOci__objectPin         100252c0 f   dpiOci.obj
 0001:000243c0       _dpiOci__objectSetAttr     100253c0 f   dpiOci.obj
 0001:00024500       _dpiOci__passwordChange    10025500 f   dpiOci.obj
 0001:00024610       _dpiOci__paramGet          10025610 f   dpiOci.obj
 0001:00024710       _dpiOci__ping              10025710 f   dpiOci.obj
 0001:00024810       _dpiOci__rawAssignBytes    10025810 f   dpiOci.obj
 0001:00024910       _dpiOci__rawPtr            10025910 f   dpiOci.obj
 0001:000249a0       _dpiOci__rawResize         100259a0 f   dpiOci.obj
 0001:00024aa0       _dpiOci__rawSize           10025aa0 f   dpiOci.obj
 0001:00024b90       _dpiOci__rowidToChar       10025b90 f   dpiOci.obj
 0001:00024cb0       _dpiOci__serverAttach      10025cb0 f   dpiOci.obj
 0001:00024db0       _dpiOci__serverDetach      10025db0 f   dpiOci.obj
 0001:00024eb0       _dpiOci__serverRelease     10025eb0 f   dpiOci.obj
 0001:00024fc0       _dpiOci__sessionBegin      10025fc0 f   dpiOci.obj
 0001:000250c0       _dpiOci__sessionEnd        100260c0 f   dpiOci.obj
 0001:000251c0       _dpiOci__sessionGet        100261c0 f   dpiOci.obj
 0001:000252d0       _dpiOci__sessionPoolCreate 100262d0 f   dpiOci.obj
 0001:00025400       _dpiOci__sessionPoolDestroy 10026400 f   dpiOci.obj
 0001:00025520       _dpiOci__sessionRelease    10026520 f   dpiOci.obj
 0001:00025630       _dpiOci__shardingKeyColumnAdd 10026630 f   dpiOci.obj
 0001:00025730       _dpiOci__sodaBulkInsert    10026730 f   dpiOci.obj
 0001:00025850       _dpiOci__sodaBulkInsertAndGet 10026850 f   dpiOci.obj
 0001:00025970       _dpiOci__sodaCollCreateWithMetadata 10026970 f   dpiOci.obj
 0001:00025a90       _dpiOci__sodaCollDrop      10026a90 f   dpiOci.obj
 0001:00025bb0       _dpiOci__sodaCollGetNext   10026bb0 f   dpiOci.obj
 0001:00025cc0       _dpiOci__sodaCollList      10026cc0 f   dpiOci.obj
 0001:00025de0       _dpiOci__sodaCollOpen      10026de0 f   dpiOci.obj
 0001:00025f00       _dpiOci__sodaDataGuideGet  10026f00 f   dpiOci.obj
 0001:00026030       _dpiOci__sodaDocCount      10027030 f   dpiOci.obj
 0001:00026150       _dpiOci__sodaDocGetNext    10027150 f   dpiOci.obj
 0001:00026280       _dpiOci__sodaFind          10027280 f   dpiOci.obj
 0001:000263b0       _dpiOci__sodaFindOne       100273b0 f   dpiOci.obj
 0001:000264e0       _dpiOci__sodaIndexCreate   100274e0 f   dpiOci.obj
 0001:00026600       _dpiOci__sodaIndexDrop     10027600 f   dpiOci.obj
 0001:00026720       _dpiOci__sodaInsert        10027720 f   dpiOci.obj
 0001:00026840       _dpiOci__sodaInsertAndGet  10027840 f   dpiOci.obj
 0001:00026960       _dpiOci__sodaOperKeysSet   10027960 f   dpiOci.obj
 0001:00026a60       _dpiOci__sodaRemove        10027a60 f   dpiOci.obj
 0001:00026b80       _dpiOci__sodaReplOne       10027b80 f   dpiOci.obj
 0001:00026ca0       _dpiOci__sodaReplOneAndGet 10027ca0 f   dpiOci.obj
 0001:00026dc0       _dpiOci__stmtExecute       10027dc0 f   dpiOci.obj
 0001:00026ee0       _dpiOci__stmtFetch2        10027ee0 f   dpiOci.obj
 0001:00027000       _dpiOci__stmtGetBindInfo   10028000 f   dpiOci.obj
 0001:00027120       _dpiOci__stmtGetNextResult 10028120 f   dpiOci.obj
 0001:00027230       _dpiOci__stmtPrepare2      10028230 f   dpiOci.obj
 0001:00027360       _dpiOci__stmtRelease       10028360 f   dpiOci.obj
 0001:000274e0       _dpiOci__stringAssignText  100284e0 f   dpiOci.obj
 0001:000275e0       _dpiOci__stringPtr         100285e0 f   dpiOci.obj
 0001:00027670       _dpiOci__stringResize      10028670 f   dpiOci.obj
 0001:00027770       _dpiOci__stringSize        10028770 f   dpiOci.obj
 0001:00027800       _dpiOci__subscriptionRegister 10028800 f   dpiOci.obj
 0001:00027900       _dpiOci__subscriptionUnRegister 10028900 f   dpiOci.obj
 0001:00027a00       _dpiOci__tableDelete       10028a00 f   dpiOci.obj
 0001:00027b20       _dpiOci__tableExists       10028b20 f   dpiOci.obj
 0001:00027c40       _dpiOci__tableFirst        10028c40 f   dpiOci.obj
 0001:00027d60       _dpiOci__tableLast         10028d60 f   dpiOci.obj
 0001:00027e80       _dpiOci__tableNext         10028e80 f   dpiOci.obj
 0001:00027fb0       _dpiOci__tablePrev         10028fb0 f   dpiOci.obj
 0001:000280d0       _dpiOci__tableSize         100290d0 f   dpiOci.obj
 0001:000281f0       _dpiOci__threadKeyDestroy  100291f0 f   dpiOci.obj
 0001:00028280       _dpiOci__threadKeyInit     10029280 f   dpiOci.obj
 0001:00028340       _dpiOci__threadKeySet      10029340 f   dpiOci.obj
 0001:00028400       _dpiOci__transCommit       10029400 f   dpiOci.obj
 0001:00028500       _dpiOci__transRollback     10029500 f   dpiOci.obj
 0001:00028600       _dpiOci__typeByName        10029600 f   dpiOci.obj
 0001:00028720       _dpiOci__typeByFullName    10029720 f   dpiOci.obj
 0001:00028a90       _dpiOracleType__getFromNum 10029a90 f   dpiOracleType.obj
 0001:00028ad0       _dpiOracleType__populateTypeInfo 10029ad0 f   dpiOracleType.obj
 0001:00028db0       _dpiPool__acquireConnection 10029db0 f   dpiPool.obj
 0001:000290b0       _dpiPool__free             1002a0b0 f   dpiPool.obj
 0001:00029250       _dpiPool_acquireConnection 1002a250 f   dpiPool.obj
 0001:000293d0       _dpiPool_close             1002a3d0 f   dpiPool.obj
 0001:00029460       _dpiPool_create            1002a460 f   dpiPool.obj
 0001:000296a0       _dpiPool_setStmtCacheSize  1002a6a0 f   dpiPool.obj
 0001:00029740       _dpiPool_setTimeout        1002a740 f   dpiPool.obj
 0001:000297e0       _dpiQueue__allocate        1002a7e0 f   dpiQueue.obj
 0001:0002a060       _dpiQueue__free            1002b060 f   dpiQueue.obj
 0001:0002a280       _dpiQueue_deqMany          1002b280 f   dpiQueue.obj
 0001:0002a360       _dpiQueue_deqOne           1002b360 f   dpiQueue.obj
 0001:0002a440       _dpiQueue_enqMany          1002b440 f   dpiQueue.obj
 0001:0002a630       _dpiQueue_enqOne           1002b630 f   dpiQueue.obj
 0001:0002a710       _dpiQueue_getDeqOptions    1002b710 f   dpiQueue.obj
 0001:0002a7c0       _dpiQueue_getEnqOptions    1002b7c0 f   dpiQueue.obj
 0001:0002a870       _dpiRowid__allocate        1002b870 f   dpiRowid.obj
 0001:0002a940       _dpiRowid__free            1002b940 f   dpiRowid.obj
 0001:0002a9c0       _dpiRowid_getStringValue   1002b9c0 f   dpiRowid.obj
 0001:0002ab90       _dpiSodaColl__allocate     1002bb90 f   dpiSodaColl.obj
 0001:0002aef0       _dpiSodaColl__free         1002bef0 f   dpiSodaColl.obj
 0001:0002b320       _dpiSodaColl_createIndex   1002c320 f   dpiSodaColl.obj
 0001:0002b400       _dpiSodaColl_drop          1002c400 f   dpiSodaColl.obj
 0001:0002b4a0       _dpiSodaColl_dropIndex     1002c4a0 f   dpiSodaColl.obj
 0001:0002b5a0       _dpiSodaColl_find          1002c5a0 f   dpiSodaColl.obj
 0001:0002b680       _dpiSodaColl_findOne       1002c680 f   dpiSodaColl.obj
 0001:0002b760       _dpiSodaColl_getDataGuide  1002c760 f   dpiSodaColl.obj
 0001:0002b880       _dpiSodaColl_getDocCount   1002c880 f   dpiSodaColl.obj
 0001:0002b9b0       _dpiSodaColl_getMetadata   1002c9b0 f   dpiSodaColl.obj
 0001:0002bab0       _dpiSodaColl_getName       1002cab0 f   dpiSodaColl.obj
 0001:0002bbb0       _dpiSodaColl_insertMany    1002cbb0 f   dpiSodaColl.obj
 0001:0002be50       _dpiSodaColl_insertOne     1002ce50 f   dpiSodaColl.obj
 0001:0002bf90       _dpiSodaColl_remove        1002cf90 f   dpiSodaColl.obj
 0001:0002c0c0       _dpiSodaColl_replaceOne    1002d0c0 f   dpiSodaColl.obj
 0001:0002c1c0       _dpiSodaCollCursor__free   1002d1c0 f   dpiSodaCollCursor.obj
 0001:0002c610       _dpiSodaDb__free           1002d610 f   dpiSodaDb.obj
 0001:0002c660       _dpiSodaDb_createCollection 1002d660 f   dpiSodaDb.obj
 0001:0002c7d0       _dpiSodaDb_createDocument  1002d7d0 f   dpiSodaDb.obj
 0001:0002ca80       _dpiSodaDb_freeCollectionNames 1002da80 f   dpiSodaDb.obj
 0001:0002cbd0       _dpiSodaDb_getCollectionNames 1002dbd0 f   dpiSodaDb.obj
 0001:0002cd90       _dpiSodaDb_openCollection  1002dd90 f   dpiSodaDb.obj
 0001:0002cf00       _dpiSodaDoc__allocate      1002df00 f   dpiSodaDoc.obj
 0001:0002cf60       _dpiSodaDoc__free          1002df60 f   dpiSodaDoc.obj
 0001:0002d0c0       _dpiSodaDoc_addRef         1002e0c0 f   dpiSodaDoc.obj
 0001:0002d120       _dpiSodaDoc_getContent     1002e120 f   dpiSodaDoc.obj
 0001:0002d330       _dpiSodaDoc_getCreatedOn   1002e330 f   dpiSodaDoc.obj
 0001:0002d350       _dpiSodaDoc_getKey         1002e350 f   dpiSodaDoc.obj
 0001:0002d370       _dpiSodaDoc_getLastModified 1002e370 f   dpiSodaDoc.obj
 0001:0002d390       _dpiSodaDoc_getMediaType   1002e390 f   dpiSodaDoc.obj
 0001:0002d3b0       _dpiSodaDoc_getVersion     1002e3b0 f   dpiSodaDoc.obj
 0001:0002d3d0       _dpiSodaDoc_release        1002e3d0 f   dpiSodaDoc.obj
 0001:0002d430       _dpiSodaDocCursor__allocate 1002e430 f   dpiSodaDocCursor.obj
 0001:0002d500       _dpiSodaDocCursor__free    1002e500 f   dpiSodaDocCursor.obj
 0001:0002d560       _dpiSodaDocCursor_getNext  1002e560 f   dpiSodaDocCursor.obj
 0001:0002d650       _dpiStmt__allocate         1002e650 f   dpiStmt.obj
 0001:0002dd10       _dpiStmt__close            1002ed10 f   dpiStmt.obj
 0001:0002e510       _dpiStmt__free             1002f510 f   dpiStmt.obj
 0001:0002e8e0       _dpiStmt__init             1002f8e0 f   dpiStmt.obj
 0001:0002eae0       _dpiStmt__prepare          1002fae0 f   dpiStmt.obj
 0001:0002ecb0       _dpiStmt_bindByName        1002fcb0 f   dpiStmt.obj
 0001:0002ed90       _dpiStmt_bindByPos         1002fd90 f   dpiStmt.obj
 0001:0002ee40       _dpiStmt_define            1002fe40 f   dpiStmt.obj
 0001:0002ef20       _dpiStmt_execute           1002ff20 f   dpiStmt.obj
 0001:0002efb0       _dpiStmt_executeMany       1002ffb0 f   dpiStmt.obj
 0001:0002f1a0       _dpiStmt_fetchRows         100301a0 f   dpiStmt.obj
 0001:0002f310       _dpiStmt_getBatchErrorCount 10030310 f   dpiStmt.obj
 0001:0002f3a0       _dpiStmt_getBatchErrors    100303a0 f   dpiStmt.obj
 0001:0002f4d0       _dpiStmt_getBindCount      100304d0 f   dpiStmt.obj
 0001:0002f570       _dpiStmt_getBindNames      10030570 f   dpiStmt.obj
 0001:0002f850       _dpiStmt_getImplicitResult 10030850 f   dpiStmt.obj
 0001:0002f9b0       _dpiStmt_getInfo           100309b0 f   dpiStmt.obj
 0001:0002fab0       _dpiStmt_getNumQueryColumns 10030ab0 f   dpiStmt.obj
 0001:0002fb60       _dpiStmt_getQueryInfo      10030b60 f   dpiStmt.obj
 0001:0002fc40       _dpiStmt_getRowCount       10030c40 f   dpiStmt.obj
 0001:0002fd60       _dpiStmt_getRowCounts      10030d60 f   dpiStmt.obj
 0001:0002fe60       _dpiStmt_release           10030e60 f   dpiStmt.obj
 0001:0002fec0       _dpiStmt_setFetchArraySize 10030ec0 f   dpiStmt.obj
 0001:000301b0       _dpiSubscr__create         100311b0 f   dpiSubscr.obj
 0001:00030580       _dpiSubscr__free           10031580 f   dpiSubscr.obj
 0001:00030f50       _dpiSubscr_prepareStmt     10031f50 f   dpiSubscr.obj
 0001:00031070       _dpiSubscr_release         10032070 f   dpiSubscr.obj
 0001:000310d0       _dpiUtils__allocateMemory  100320d0 f   dpiUtils.obj
 0001:00031140       _dpiUtils__checkClientVersion 10032140 f   dpiUtils.obj
 0001:00031180       _dpiUtils__freeMemory      10032180 f   dpiUtils.obj
 0001:000311a0       _dpiUtils__getAttrStringWithDup 100321a0 f   dpiUtils.obj
 0001:00031240       _dpiUtils__parseNumberString 10032240 f   dpiUtils.obj
 0001:00031540       _dpiUtils__parseOracleNumber 10032540 f   dpiUtils.obj
 0001:00031690       _dpiUtils__setAttributesFromCommonCreateParams 10032690 f   dpiUtils.obj
 0001:00031710       _dpiVar__allocate          10032710 f   dpiVar.obj
 0001:00031b40       _dpiVar__convertToLob      10032b40 f   dpiVar.obj
 0001:00031c40       _dpiVar__defineCallback    10032c40 f   dpiVar.obj
 0001:00031d30       _dpiVar__extendedPreFetch  10032d30 f   dpiVar.obj
 0001:000323d0       _dpiVar__free              100333d0 f   dpiVar.obj
 0001:000324a0       _dpiVar__getValue          100334a0 f   dpiVar.obj
 0001:00032980       _dpiVar__inBindCallback    10033980 f   dpiVar.obj
 0001:00033040       _dpiVar__outBindCallback   10034040 f   dpiVar.obj
 0001:000338f0       _dpiVar__setValue          100348f0 f   dpiVar.obj
 0001:00033cb0       _dpiVar_getNumElementsInArray 10034cb0 f   dpiVar.obj
 0001:00033d50       _dpiVar_getReturnedData    10034d50 f   dpiVar.obj
 0001:00033e70       _dpiVar_setFromBytes       10034e70 f   dpiVar.obj
 0001:00033f90       _dpiVar_setFromLob         10034f90 f   dpiVar.obj
 0001:00034040       _dpiVar_setFromObject      10035040 f   dpiVar.obj
 0001:0003413b       __imp_load__napi_get_buffer_info 1003513b f   node:node.exe
 0001:00034145       __tailMerge_node_exe       10035145 f i node:node.exe
 0001:00034156       __imp_load__napi_create_buffer_copy 10035156 f   node:node.exe
 0001:00034160       __imp_load__napi_create_array_with_length 10035160 f   node:node.exe
 0001:0003416a       __imp_load__napi_get_element 1003516a f   node:node.exe
 0001:00034174       __imp_load__napi_instanceof 10035174 f   node:node.exe
 0001:0003417e       __imp_load__napi_set_element 1003517e f   node:node.exe
 0001:00034188       __imp_load__napi_is_array  10035188 f   node:node.exe
 0001:00034192       __imp_load__napi_create_string_utf8 10035192 f   node:node.exe
 0001:0003419c       __imp_load__napi_get_named_property 1003519c f   node:node.exe
 0001:000341a6       __imp_load__napi_define_properties 100351a6 f   node:node.exe
 0001:000341b0       __imp_load__napi_typeof    100351b0 f   node:node.exe
 0001:000341ba       __imp_load__napi_new_instance 100351ba f   node:node.exe
 0001:000341c4       __imp_load__napi_get_array_length 100351c4 f   node:node.exe
 0001:000341ce       __imp_load__napi_get_reference_value 100351ce f   node:node.exe
 0001:000341d8       __imp_load__napi_get_global 100351d8 f   node:node.exe
 0001:000341e2       __imp_load__napi_call_function 100351e2 f   node:node.exe
 0001:000341ec       __imp_load__napi_is_buffer 100351ec f   node:node.exe
 0001:000341f6       __imp_load__napi_get_null  100351f6 f   node:node.exe
 0001:00034200       __imp_load__napi_queue_async_work 10035200 f   node:node.exe
 0001:0003420a       __imp_load__napi_delete_reference 1003520a f   node:node.exe
 0001:00034214       __imp_load__napi_delete_property 10035214 f   node:node.exe
 0001:0003421e       __imp_load__napi_is_exception_pending 1003521e f   node:node.exe
 0001:00034228       __imp_load__napi_get_value_string_utf8 10035228 f   node:node.exe
 0001:00034232       __imp_load__napi_unwrap    10035232 f   node:node.exe
 0001:0003423c       __imp_load__napi_get_value_external 1003523c f   node:node.exe
 0001:00034246       __imp_load__napi_coerce_to_string 10035246 f   node:node.exe
 0001:00034250       __imp_load__napi_get_property 10035250 f   node:node.exe
 0001:0003425a       __imp_load__napi_get_value_bool 1003525a f   node:node.exe
 0001:00034264       __imp_load__napi_create_async_work 10035264 f   node:node.exe
 0001:0003426e       __imp_load__napi_get_and_clear_last_exception 1003526e f   node:node.exe
 0001:00034278       __imp_load__napi_get_undefined 10035278 f   node:node.exe
 0001:00034282       __imp_load__napi_set_property 10035282 f   node:node.exe
 0001:0003428c       __imp_load__napi_delete_async_work 1003528c f   node:node.exe
 0001:00034296       __imp_load__napi_get_value_double 10035296 f   node:node.exe
 0001:000342a0       __imp_load__napi_create_reference 100352a0 f   node:node.exe
 0001:000342aa       __imp_load__napi_create_double 100352aa f   node:node.exe
 0001:000342b4       __imp_load__napi_create_error 100352b4 f   node:node.exe
 0001:000342be       __imp_load__napi_get_prototype 100352be f   node:node.exe
 0001:000342c8       __imp_load__napi_create_uint32 100352c8 f   node:node.exe
 0001:000342d2       __imp_load__napi_strict_equals 100352d2 f   node:node.exe
 0001:000342dc       __imp_load__napi_create_int32 100352dc f   node:node.exe
 0001:000342e6       __imp_load__napi_set_named_property 100352e6 f   node:node.exe
 0001:000342f0       __imp_load__napi_get_value_uint32 100352f0 f   node:node.exe
 0001:000342fa       __imp_load__napi_create_object 100352fa f   node:node.exe
 0001:00034304       __imp_load__napi_coerce_to_number 10035304 f   node:node.exe
 0001:0003430e       __imp_load__napi_get_boolean 1003530e f   node:node.exe
 0001:00034318       __imp_load__napi_wrap      10035318 f   node:node.exe
 0001:00034322       __imp_load__napi_create_int64 10035322 f   node:node.exe
 0001:0003432c       __imp_load__napi_get_cb_info 1003532c f   node:node.exe
 0001:00034336       __imp_load__napi_create_function 10035336 f   node:node.exe
 0001:00034340       __imp_load__napi_module_register 10035340 f   node:node.exe
 0001:0003434a       __imp_load__napi_throw     1003534a f   node:node.exe
 0001:00034354       __imp_load__napi_create_string_utf16 10035354 f   node:node.exe
 0001:0003435e       __imp_load__napi_open_handle_scope 1003535e f   node:node.exe
 0001:00034368       __imp_load__napi_get_uv_event_loop 10035368 f   node:node.exe
 0001:00034372       __imp_load__uv_mutex_unlock 10035372 f   node:node.exe
 0001:0003437c       __imp_load__uv_mutex_lock  1003537c f   node:node.exe
 0001:00034386       __imp_load__uv_close       10035386 f   node:node.exe
 0001:00034390       __imp_load__uv_barrier_destroy 10035390 f   node:node.exe
 0001:0003439a       __imp_load__uv_mutex_destroy 1003539a f   node:node.exe
 0001:000343a4       __imp_load__napi_create_external 100353a4 f   node:node.exe
 0001:000343ae       __imp_load__uv_mutex_init  100353ae f   node:node.exe
 0001:000343b8       __imp_load__uv_async_send  100353b8 f   node:node.exe
 0001:000343c2       __imp_load__napi_make_callback 100353c2 f   node:node.exe
 0001:000343cc       __imp_load__uv_async_init  100353cc f   node:node.exe
 0001:000343d6       __imp_load__uv_barrier_wait 100353d6 f   node:node.exe
 0001:000343e0       __imp_load__uv_barrier_init 100353e0 f   node:node.exe
 0001:000343ea       __imp_load__napi_close_handle_scope 100353ea f   node:node.exe
 0001:000343f4       __imp_load__napi_get_last_error_info 100353f4 f   node:node.exe
 0001:000343fe       __imp_load__napi_throw_error 100353fe f   node:node.exe
 0001:00034408       @__security_check_cookie@4 10035408 f   LIBCMT:_secchk_.obj
 0001:00034419       ___raise_securityfailure   10035419 f   LIBCMT:gs_report.obj
 0001:00034441       ___report_gsfailure        10035441 f   LIBCMT:gs_report.obj
 0001:0003453c       ___report_rangecheckfailure 1003553c f   LIBCMT:gs_report.obj
 0001:00034548       ___report_securityfailure  10035548 f   LIBCMT:gs_report.obj
 0001:00034618       ??$__crt_fast_encode_pointer@PAX@@YAPAXQAX@Z 10035618 f i libvcruntime:winapi_downlevel.obj
 0001:00034618       ??$__crt_fast_encode_pointer@PAP6AXXZ@@YAPAP6AXXZQAP6AXXZ@Z 10035618 f i LIBCMT:utility.obj
 0001:00034679       ___scrt_acquire_startup_lock 10035679 f   LIBCMT:utility.obj
 0001:000346ae       ___scrt_dllmain_after_initialize_c 100356ae f   LIBCMT:utility.obj
 0001:000346d9       ___scrt_dllmain_before_initialize_c 100356d9 f   LIBCMT:utility.obj
 0001:000346e7       ___scrt_dllmain_crt_thread_attach 100356e7 f   LIBCMT:utility.obj
 0001:00034706       ___scrt_dllmain_crt_thread_detach 10035706 f   LIBCMT:utility.obj
 0001:00034713       ___scrt_dllmain_exception_filter 10035713 f   LIBCMT:utility.obj
 0001:00034746       ___scrt_dllmain_uninitialize_c 10035746 f   LIBCMT:utility.obj
 0001:00034769       ___scrt_dllmain_uninitialize_critical 10035769 f   LIBCMT:utility.obj
 0001:00034776       ___scrt_initialize_crt     10035776 f   LIBCMT:utility.obj
 0001:000347af       ___scrt_initialize_onexit_tables 100357af f   LIBCMT:utility.obj
 0001:00034846       ___scrt_is_nonwritable_in_current_image 10035846 f   LIBCMT:utility.obj
 0001:000348d0       ___scrt_release_startup_lock 100358d0 f   LIBCMT:utility.obj
 0001:000348ed       ___scrt_uninitialize_crt   100358ed f   LIBCMT:utility.obj
 0001:00034915       __onexit                   10035915 f   LIBCMT:utility.obj
 0001:00034950       _atexit                    10035950 f   LIBCMT:utility.obj
 0001:00034c6d       __DllMainCRTStartup@12     10035c6d f   LIBCMT:dll_dllmain.obj
 0001:00034c90       ___isa_available_init      10035c90 f   LIBCMT:_cpu_disp_.obj
 0001:00034e2a       __get_startup_argv_mode    10035e2a f   LIBCMT:argv_mode.obj
 0001:00034e2e       ___scrt_is_ucrt_dll_in_use 10035e2e f   LIBCMT:ucrt_detection.obj
 0001:00034e3a       ___scrt_fastfail           10035e3a f   LIBCMT:utility_desktop.obj
 0001:00034f55       __crt_debugger_hook        10035f55 f   LIBCMT:utility_desktop.obj
 0001:00034f5d       @_guard_check_icall@4      10035f5d f i LIBCMT:checkcfg.obj
 0001:00034f70       __SEH_prolog4              10035f70 f   LIBCMT:_sehprolg4_.obj
 0001:00034fb6       __SEH_epilog4              10035fb6 f   LIBCMT:_sehprolg4_.obj
 0001:00034fcb       ___security_init_cookie    10035fcb f   LIBCMT:gs_support.obj
 0001:00035067       _DllMain@12                10036067 f   LIBCMT:dll_dllmain_stub.obj
 0001:0003506d       ?__scrt_initialize_type_info@@YAXXZ 1003606d f   LIBCMT:tncleanup.obj
 0001:00035079       ?__scrt_uninitialize_type_info@@YAXXZ 10036079 f   LIBCMT:tncleanup.obj
 0001:00035085       ___local_stdio_scanf_options 10036085 f i LIBCMT:default_local_stdio_options.obj
 0001:0003508b       ___scrt_initialize_default_local_stdio_options 1003608b f   LIBCMT:default_local_stdio_options.obj
 0001:000350a8       ___scrt_get_dyn_tls_init_callback 100360a8 f   LIBCMT:dyn_tls_init.obj
 0001:000350ae       __RTC_Initialize           100360ae f   LIBCMT:_initsect_.obj
 0001:000350d9       __RTC_Terminate            100360d9 f   LIBCMT:_initsect_.obj
 0001:00035110       _strchr                    10036110 f   libvcruntime:strchr.obj
 0001:0003517e       ___from_strstr_to_strchr   1003617e     libvcruntime:strchr.obj
 0001:00035240       _strrchr                   10036240 f   libvcruntime:strrchr.obj
 0001:00035377       ___vcrt_initialize         10036377 f   libvcruntime:initialization.obj
 0001:000353a0       ___vcrt_thread_attach      100363a0 f   libvcruntime:initialization.obj
 0001:000353ab       ___vcrt_thread_detach      100363ab f   libvcruntime:initialization.obj
 0001:000353b6       ___vcrt_uninitialize       100363b6 f   libvcruntime:initialization.obj
 0001:000353d5       ___vcrt_uninitialize_critical 100363d5 f   libvcruntime:initialization.obj
 0001:00035420       __except_handler4          10036420 f   libvcruntime:_chandler4_.obj
 0001:00035590       _memset                    10036590 f   libvcruntime:memset.obj
 0001:000356ea       ___std_type_info_destroy_list 100366ea f   libvcruntime:std_type_info.obj
 0001:0003570d       ___vcrt_freefls@4          1003670d f   libvcruntime:per_thread_data.obj
 0001:00035729       ___vcrt_freeptd            10036729 f   libvcruntime:per_thread_data.obj
 0001:0003575f       ___vcrt_getptd_noexit      1003675f f   libvcruntime:per_thread_data.obj
 0001:000357f1       ___vcrt_initialize_ptd     100367f1 f   libvcruntime:per_thread_data.obj
 0001:00035824       ___vcrt_uninitialize_ptd   10036824 f   libvcruntime:per_thread_data.obj
 0001:0003583f       ___vcrt_initialize_locks   1003683f f   libvcruntime:locks.obj
 0001:0003587b       ___vcrt_uninitialize_locks 1003687b f   libvcruntime:locks.obj
 0001:000359cb       ___vcrt_FlsAlloc           100369cb f   libvcruntime:winapi_downlevel.obj
 0001:00035a05       ___vcrt_FlsFree            10036a05 f   libvcruntime:winapi_downlevel.obj
 0001:00035a3f       ___vcrt_FlsGetValue        10036a3f f   libvcruntime:winapi_downlevel.obj
 0001:00035a79       ___vcrt_FlsSetValue        10036a79 f   libvcruntime:winapi_downlevel.obj
 0001:00035ab6       ___vcrt_InitializeCriticalSectionEx 10036ab6 f   libvcruntime:winapi_downlevel.obj
 0001:00035afc       ___vcrt_initialize_winapi_thunks 10036afc f   libvcruntime:winapi_downlevel.obj
 0001:00035b36       ___vcrt_uninitialize_winapi_thunks 10036b36 f   libvcruntime:winapi_downlevel.obj
 0001:00035b68       ___vcrt_initialize_pure_virtual_call_handler 10036b68 f   libvcruntime:purevirt_data.obj
 0001:00035b90       __local_unwind4            10036b90 f   libvcruntime:_exsup4_.obj
 0001:00035c66       __seh_longjmp_unwind4@4    10036c66 f   libvcruntime:_exsup4_.obj
 0001:00035c8e       @_EH4_CallFilterFunc@8     10036c8e f   libvcruntime:_exsup4_.obj
 0001:00035ca5       @_EH4_TransferToHandler@8  10036ca5 f   libvcruntime:_exsup4_.obj
 0001:00035cbe       @_EH4_GlobalUnwind2@8      10036cbe f   libvcruntime:_exsup4_.obj
 0001:00035cd7       @_EH4_LocalUnwind@16       10036cd7 f   libvcruntime:_exsup4_.obj
 0001:00035cee       ___except_validate_jump_buffer 10036cee f   libvcruntime:jbcxrval.obj
 0001:00035cee       @_guard_check_icall_nop@4  10036cee f   LIBCMT:guard_support.obj
 0001:00035cee       ___except_validate_context_record 10036cee f   libvcruntime:jbcxrval.obj
 0001:00035cf0       __global_unwind2           10036cf0 f   libvcruntime:_exsup_.obj
 0001:00035d55       __local_unwind2            10036d55 f   libvcruntime:_exsup_.obj
 0001:00035dd9       __abnormal_termination     10036dd9 f   libvcruntime:_exsup_.obj
 0001:00035dfc       __NLG_Notify1              10036dfc f   libvcruntime:_exsup_.obj
 0001:00035e05       __NLG_Notify               10036e05 f   libvcruntime:_exsup_.obj
 0001:00035e1c       __NLG_Dispatch             10036e1c     libvcruntime:_exsup_.obj
 0001:00035e1c       __NLG_Dispatch2            10036e1c     libvcruntime:_exsup_.obj
 0001:00035e24       __NLG_Call                 10036e24 f   libvcruntime:_exsup_.obj
 0001:00035e26       __NLG_Return2              10036e26     libvcruntime:_exsup_.obj
 0001:00035e27       _free                      10036e27 f   libucrt:free.obj
 0001:00035e2c       _calloc                    10036e2c f   libucrt:calloc.obj
 0001:00035e37       ??$?RV<lambda_db08b09ef7aa9d4f8620ce68402612bc>@@AAV<lambda_4f2c1eaeead2a5fc776db5b62ea0fb9b>@@V<lambda_3ae262bc35d4ba6a3825c4f6bcaaf95c>@@@?$__crt_seh_guarded_call@H@@QAEH$$QAV<lambda_db08b09ef7aa9d4f8620ce68402612bc>@@AAV<lambda_4f2c1eaeead2a5fc776db5b62ea0fb9b>@@$$QAV<lambda_3ae262bc35d4ba6a3825c4f6bcaaf95c>@@@Z 10036e37 f i libucrt:output.obj
 0001:00035e88       ??$__acrt_lock_stream_and_call@V<lambda_4f2c1eaeead2a5fc776db5b62ea0fb9b>@@@@YAHQAU_iobuf@@$$QAV<lambda_4f2c1eaeead2a5fc776db5b62ea0fb9b>@@@Z 10036e88 f i libucrt:output.obj
 0001:0003602c       ??$count@D@formatting_buffer@__crt_stdio_output@@QBEIXZ 1003702c f i libucrt:output.obj
 0001:00036044       ??$ensure_buffer_is_big_enough@D@formatting_buffer@__crt_stdio_output@@QAE_NI@Z 10037044 f i libucrt:output.obj
 0001:000360ca       ??$is_wide_character_specifier@D@__crt_stdio_output@@YA_N_KDW4length_modifier@0@@Z 100370ca f i libucrt:output.obj
 0001:0003610a       ??$scratch_data@D@formatting_buffer@__crt_stdio_output@@QAEPADXZ 1003710a f i libucrt:output.obj
 0001:00036128       ??$type_case_integer_parse_into_buffer@I@?$output_processor@DV?$string_output_adapter@D@__crt_stdio_output@@V?$standard_base@DV?$string_output_adapter@D@__crt_stdio_output@@@2@@__crt_stdio_output@@AAEXII_N@Z 10037128 f i libucrt:output.obj
 0001:00036128       ??$type_case_integer_parse_into_buffer@I@?$output_processor@DV?$stream_output_adapter@D@__crt_stdio_output@@V?$standard_base@DV?$stream_output_adapter@D@__crt_stdio_output@@@2@@__crt_stdio_output@@AAEXII_N@Z 10037128 f i libucrt:output.obj
 0001:0003619d       ??$type_case_integer_parse_into_buffer@_K@?$output_processor@DV?$string_output_adapter@D@__crt_stdio_output@@V?$standard_base@DV?$string_output_adapter@D@__crt_stdio_output@@@2@@__crt_stdio_output@@AAEX_KI_N@Z 1003719d f i libucrt:output.obj
 0001:0003619d       ??$type_case_integer_parse_into_buffer@_K@?$output_processor@DV?$stream_output_adapter@D@__crt_stdio_output@@V?$standard_base@DV?$stream_output_adapter@D@__crt_stdio_output@@@2@@__crt_stdio_output@@AAEX_KI_N@Z 1003719d f i libucrt:output.obj
 0001:00036225       ??$write_multiple_characters@V?$stream_output_adapter@D@__crt_stdio_output@@D@__crt_stdio_output@@YAXABV?$stream_output_adapter@D@0@DHQAH@Z 10037225 f i libucrt:output.obj
 0001:00036251       ??$write_multiple_characters@V?$string_output_adapter@D@__crt_stdio_output@@D@__crt_stdio_output@@YAXABV?$string_output_adapter@D@0@DHQAH@Z 10037251 f i libucrt:output.obj
 0001:0003627d       ??0?$common_data@D@__crt_stdio_output@@IAE@XZ 1003727d f i libucrt:output.obj
 0001:000362c4       ??0?$output_adapter_data@DV?$stream_output_adapter@D@__crt_stdio_output@@@__crt_stdio_output@@IAE@ABV?$stream_output_adapter@D@1@_KQBDQAU__crt_locale_pointers@@QAD@Z 100372c4 f i libucrt:output.obj
 0001:000362c4       ??0?$output_adapter_data@DV?$string_output_adapter@D@__crt_stdio_output@@@__crt_stdio_output@@IAE@ABV?$string_output_adapter@D@1@_KQBDQAU__crt_locale_pointers@@QAD@Z 100372c4 f i libucrt:output.obj
 0001:00036300       ??0?$output_processor@DV?$string_output_adapter@D@__crt_stdio_output@@V?$standard_base@DV?$string_output_adapter@D@__crt_stdio_output@@@2@@__crt_stdio_output@@QAE@ABV?$string_output_adapter@D@1@_KQBDQAU__crt_locale_pointers@@QAD@Z 10037300 f i libucrt:output.obj
 0001:00036300       ??0?$output_processor@DV?$stream_output_adapter@D@__crt_stdio_output@@V?$standard_base@DV?$stream_output_adapter@D@__crt_stdio_output@@@2@@__crt_stdio_output@@QAE@ABV?$stream_output_adapter@D@1@_KQBDQAU__crt_locale_pointers@@QAD@Z 10037300 f i libucrt:output.obj
 0001:00036335       ??0_LocaleUpdate@@QAE@QAU__crt_locale_pointers@@@Z 10037335 f i libucrt:output.obj
 0001:000363b8       ??1formatting_buffer@__crt_stdio_output@@QAE@XZ 100373b8 f i libucrt:output.obj
 0001:000363d2       ??4?$__crt_unique_heap_ptr@DU__crt_internal_free_policy@@@@QAEAAV0@$$QAV0@@Z 100373d2 f i libucrt:output.obj
 0001:000364b3       ?crop_zeroes@__crt_stdio_output@@YAXPADQAU__crt_locale_pointers@@@Z 100374b3 f i libucrt:output.obj
 0001:0003650a       ?find_next_state@?$output_processor@DV?$stream_output_adapter@D@__crt_stdio_output@@V?$standard_base@DV?$stream_output_adapter@D@__crt_stdio_output@@@2@@__crt_stdio_output@@ABE?AW4state@2@DW432@@Z 1003750a f i libucrt:output.obj
 0001:0003650a       ?find_next_state@?$output_processor@DV?$string_output_adapter@D@__crt_stdio_output@@V?$standard_base@DV?$string_output_adapter@D@__crt_stdio_output@@@2@@__crt_stdio_output@@ABE?AW4state@2@DW432@@Z 1003750a f i libucrt:output.obj
 0001:0003653c       ?force_decimal_point@__crt_stdio_output@@YAXPADQAU__crt_locale_pointers@@@Z 1003753c f i libucrt:output.obj
 0001:00036598       ?parse_int_from_format_string@?$output_processor@DV?$string_output_adapter@D@__crt_stdio_output@@V?$standard_base@DV?$string_output_adapter@D@__crt_stdio_output@@@2@@__crt_stdio_output@@AAE_NQAH@Z 10037598 f i libucrt:output.obj
 0001:00036598       ?parse_int_from_format_string@?$output_processor@DV?$stream_output_adapter@D@__crt_stdio_output@@V?$standard_base@DV?$stream_output_adapter@D@__crt_stdio_output@@@2@@__crt_stdio_output@@AAE_NQAH@Z 10037598 f i libucrt:output.obj
 0001:000365f4       ?process@?$output_processor@DV?$stream_output_adapter@D@__crt_stdio_output@@V?$standard_base@DV?$stream_output_adapter@D@__crt_stdio_output@@@2@@__crt_stdio_output@@QAEHXZ 100375f4 f i libucrt:output.obj
 0001:00036710       ?process@?$output_processor@DV?$string_output_adapter@D@__crt_stdio_output@@V?$standard_base@DV?$string_output_adapter@D@__crt_stdio_output@@@2@@__crt_stdio_output@@QAEHXZ 10037710 f i libucrt:output.obj
 0001:0003682c       ?state_case_flag@?$output_processor@DV?$stream_output_adapter@D@__crt_stdio_output@@V?$standard_base@DV?$stream_output_adapter@D@__crt_stdio_output@@@2@@__crt_stdio_output@@AAE_NXZ 1003782c f i libucrt:output.obj
 0001:0003682c       ?state_case_flag@?$output_processor@DV?$string_output_adapter@D@__crt_stdio_output@@V?$standard_base@DV?$string_output_adapter@D@__crt_stdio_output@@@2@@__crt_stdio_output@@AAE_NXZ 1003782c f i libucrt:output.obj
 0001:00036869       ?state_case_normal@?$output_processor@DV?$stream_output_adapter@D@__crt_stdio_output@@V?$standard_base@DV?$stream_output_adapter@D@__crt_stdio_output@@@2@@__crt_stdio_output@@AAE_NXZ 10037869 f i libucrt:output.obj
 0001:00036888       ?state_case_normal@?$output_processor@DV?$string_output_adapter@D@__crt_stdio_output@@V?$standard_base@DV?$string_output_adapter@D@__crt_stdio_output@@@2@@__crt_stdio_output@@AAE_NXZ 10037888 f i libucrt:output.obj
 0001:000368a7       ?state_case_normal_common@?$output_processor@DV?$stream_output_adapter@D@__crt_stdio_output@@V?$standard_base@DV?$stream_output_adapter@D@__crt_stdio_output@@@2@@__crt_stdio_output@@AAE_NXZ 100378a7 f i libucrt:output.obj
 0001:000368d1       ?state_case_normal_common@?$output_processor@DV?$string_output_adapter@D@__crt_stdio_output@@V?$standard_base@DV?$string_output_adapter@D@__crt_stdio_output@@@2@@__crt_stdio_output@@AAE_NXZ 100378d1 f i libucrt:output.obj
 0001:000368fb       ?state_case_normal_tchar@?$output_processor@DV?$stream_output_adapter@D@__crt_stdio_output@@V?$standard_base@DV?$stream_output_adapter@D@__crt_stdio_output@@@2@@__crt_stdio_output@@AAE_ND@Z 100378fb f i libucrt:output.obj
 0001:0003695c       ?state_case_normal_tchar@?$output_processor@DV?$string_output_adapter@D@__crt_stdio_output@@V?$standard_base@DV?$string_output_adapter@D@__crt_stdio_output@@@2@@__crt_stdio_output@@AAE_ND@Z 1003795c f i libucrt:output.obj
 0001:000369bd       ?state_case_precision@?$output_processor@DV?$string_output_adapter@D@__crt_stdio_output@@V?$standard_base@DV?$string_output_adapter@D@__crt_stdio_output@@@2@@__crt_stdio_output@@AAE_NXZ 100379bd f i libucrt:output.obj
 0001:000369bd       ?state_case_precision@?$output_processor@DV?$stream_output_adapter@D@__crt_stdio_output@@V?$standard_base@DV?$stream_output_adapter@D@__crt_stdio_output@@@2@@__crt_stdio_output@@AAE_NXZ 100379bd f i libucrt:output.obj
 0001:000369e5       ?state_case_size@?$output_processor@DV?$stream_output_adapter@D@__crt_stdio_output@@V?$standard_base@DV?$stream_output_adapter@D@__crt_stdio_output@@@2@@__crt_stdio_output@@AAE_NXZ 100379e5 f i libucrt:output.obj
 0001:00036b4e       ?state_case_size@?$output_processor@DV?$string_output_adapter@D@__crt_stdio_output@@V?$standard_base@DV?$string_output_adapter@D@__crt_stdio_output@@@2@@__crt_stdio_output@@AAE_NXZ 10037b4e f i libucrt:output.obj
 0001:00036cb7       ?state_case_type@?$output_processor@DV?$stream_output_adapter@D@__crt_stdio_output@@V?$standard_base@DV?$stream_output_adapter@D@__crt_stdio_output@@@2@@__crt_stdio_output@@AAE_NXZ 10037cb7 f i libucrt:output.obj
 0001:00036ee6       ?state_case_type@?$output_processor@DV?$string_output_adapter@D@__crt_stdio_output@@V?$standard_base@DV?$string_output_adapter@D@__crt_stdio_output@@@2@@__crt_stdio_output@@AAE_NXZ 10037ee6 f i libucrt:output.obj
 0001:00037115       ?state_case_width@?$output_processor@DV?$string_output_adapter@D@__crt_stdio_output@@V?$standard_base@DV?$string_output_adapter@D@__crt_stdio_output@@@2@@__crt_stdio_output@@AAE_NXZ 10038115 f i libucrt:output.obj
 0001:00037115       ?state_case_width@?$output_processor@DV?$stream_output_adapter@D@__crt_stdio_output@@V?$standard_base@DV?$stream_output_adapter@D@__crt_stdio_output@@@2@@__crt_stdio_output@@AAE_NXZ 10038115 f i libucrt:output.obj
 0001:00037140       ?to_integer_size@__crt_stdio_output@@YAIW4length_modifier@1@@Z 10038140 f i libucrt:output.obj
 0001:0003719c       ?type_case_Z@?$output_processor@DV?$string_output_adapter@D@__crt_stdio_output@@V?$standard_base@DV?$string_output_adapter@D@__crt_stdio_output@@@2@@__crt_stdio_output@@AAE_NXZ 1003819c f i libucrt:output.obj
 0001:0003719c       ?type_case_Z@?$output_processor@DV?$stream_output_adapter@D@__crt_stdio_output@@V?$standard_base@DV?$stream_output_adapter@D@__crt_stdio_output@@@2@@__crt_stdio_output@@AAE_NXZ 1003819c f i libucrt:output.obj
 0001:000371ff       ?type_case_a@?$output_processor@DV?$string_output_adapter@D@__crt_stdio_output@@V?$standard_base@DV?$string_output_adapter@D@__crt_stdio_output@@@2@@__crt_stdio_output@@AAE_NXZ 100381ff f i libucrt:output.obj
 0001:000371ff       ?type_case_a@?$output_processor@DV?$stream_output_adapter@D@__crt_stdio_output@@V?$standard_base@DV?$stream_output_adapter@D@__crt_stdio_output@@@2@@__crt_stdio_output@@AAE_NXZ 100381ff f i libucrt:output.obj
 0001:00037359       ?type_case_c_tchar@?$output_processor@DV?$string_output_adapter@D@__crt_stdio_output@@V?$standard_base@DV?$string_output_adapter@D@__crt_stdio_output@@@2@@__crt_stdio_output@@AAE_ND@Z 10038359 f i libucrt:output.obj
 0001:00037359       ?type_case_c_tchar@?$output_processor@DV?$stream_output_adapter@D@__crt_stdio_output@@V?$standard_base@DV?$stream_output_adapter@D@__crt_stdio_output@@@2@@__crt_stdio_output@@AAE_ND@Z 10038359 f i libucrt:output.obj
 0001:000373e9       ?type_case_integer@?$output_processor@DV?$string_output_adapter@D@__crt_stdio_output@@V?$standard_base@DV?$string_output_adapter@D@__crt_stdio_output@@@2@@__crt_stdio_output@@AAE_NI_N@Z 100383e9 f i libucrt:output.obj
 0001:000373e9       ?type_case_integer@?$output_processor@DV?$stream_output_adapter@D@__crt_stdio_output@@V?$standard_base@DV?$stream_output_adapter@D@__crt_stdio_output@@@2@@__crt_stdio_output@@AAE_NI_N@Z 100383e9 f i libucrt:output.obj
 0001:00037533       ?type_case_n@?$output_processor@DV?$stream_output_adapter@D@__crt_stdio_output@@V?$standard_base@DV?$stream_output_adapter@D@__crt_stdio_output@@@2@@__crt_stdio_output@@AAE_NXZ 10038533 f i libucrt:output.obj
 0001:00037533       ?type_case_n@?$output_processor@DV?$string_output_adapter@D@__crt_stdio_output@@V?$standard_base@DV?$string_output_adapter@D@__crt_stdio_output@@@2@@__crt_stdio_output@@AAE_NXZ 10038533 f i libucrt:output.obj
 0001:000375a7       ?type_case_o@?$output_processor@DV?$string_output_adapter@D@__crt_stdio_output@@V?$standard_base@DV?$string_output_adapter@D@__crt_stdio_output@@@2@@__crt_stdio_output@@AAE_NXZ 100385a7 f i libucrt:output.obj
 0001:000375a7       ?type_case_o@?$output_processor@DV?$stream_output_adapter@D@__crt_stdio_output@@V?$standard_base@DV?$stream_output_adapter@D@__crt_stdio_output@@@2@@__crt_stdio_output@@AAE_NXZ 100385a7 f i libucrt:output.obj
 0001:000375c6       ?type_case_p@?$output_processor@DV?$string_output_adapter@D@__crt_stdio_output@@V?$standard_base@DV?$string_output_adapter@D@__crt_stdio_output@@@2@@__crt_stdio_output@@AAE_NXZ 100385c6 f i libucrt:output.obj
 0001:000375c6       ?type_case_p@?$output_processor@DV?$stream_output_adapter@D@__crt_stdio_output@@V?$standard_base@DV?$stream_output_adapter@D@__crt_stdio_output@@@2@@__crt_stdio_output@@AAE_NXZ 100385c6 f i libucrt:output.obj
 0001:000375de       ?type_case_s@?$output_processor@DV?$stream_output_adapter@D@__crt_stdio_output@@V?$standard_base@DV?$stream_output_adapter@D@__crt_stdio_output@@@2@@__crt_stdio_output@@AAE_NXZ 100385de f i libucrt:output.obj
 0001:000375de       ?type_case_s@?$output_processor@DV?$string_output_adapter@D@__crt_stdio_output@@V?$standard_base@DV?$string_output_adapter@D@__crt_stdio_output@@@2@@__crt_stdio_output@@AAE_NXZ 100385de f i libucrt:output.obj
 0001:00037651       ?validate@?$stream_output_adapter@D@__crt_stdio_output@@QBE_NXZ 10038651 f i libucrt:output.obj
 0001:00037672       ?validate@?$c_string_character_source@D@__crt_strtox@@QBE_NXZ 10038672 f i libucrt:strtox.obj
 0001:00037672       ?validate@?$string_output_adapter@D@__crt_stdio_output@@QBE_NXZ 10038672 f i libucrt:output.obj
 0001:0003768d       ?validate_stream_is_ansi_if_required@?$__acrt_stdio_char_traits@D@@SA_NQAU_iobuf@@@Z 1003868d f i libucrt:output.obj
 0001:0003770f       ?write_character@?$stream_output_adapter@D@__crt_stdio_output@@QBEXDQAH@Z 1003870f f i libucrt:output.obj
 0001:0003774c       ?write_character@?$string_output_adapter@D@__crt_stdio_output@@QBE_NDQAH@Z 1003874c f i libucrt:output.obj
 0001:0003778e       ?write_stored_string_tchar@?$output_processor@DV?$stream_output_adapter@D@__crt_stdio_output@@V?$standard_base@DV?$stream_output_adapter@D@__crt_stdio_output@@@2@@__crt_stdio_output@@AAE_ND@Z 1003878e f i libucrt:output.obj
 0001:00037835       ?write_stored_string_tchar@?$output_processor@DV?$string_output_adapter@D@__crt_stdio_output@@V?$standard_base@DV?$string_output_adapter@D@__crt_stdio_output@@@2@@__crt_stdio_output@@AAE_ND@Z 10038835 f i libucrt:output.obj
 0001:000378dc       ?write_string@?$stream_output_adapter@D@__crt_stdio_output@@QBEXQBDHQAH1@Z 100388dc f i libucrt:output.obj
 0001:00037966       ?write_string@?$string_output_adapter@D@__crt_stdio_output@@QBEXQBDHQAH1@Z 10038966 f i libucrt:output.obj
 0001:000379f9       ___stdio_common_vfprintf   100389f9 f   libucrt:output.obj
 0001:00037a70       ___stdio_common_vsprintf   10038a70 f   libucrt:output.obj
 0001:00037a94       _malloc                    10038a94 f   libucrt:malloc.obj
 0001:00037aa0       _strncpy                   10038aa0 f   libucrt:strncpy.obj
 0001:00037bd0       _strncmp                   10038bd0 f   libucrt:strncmp.obj
 0001:00037cc7       __time64                   10038cc7 f   libucrt:time.obj
 0001:00037d09       __dclass                   10038d09 f   libucrt:nan.obj
 0001:00037d1a       ___acrt_initialize_stdio   10038d1a f   libucrt:_file.obj
 0001:00037de2       ___acrt_iob_func           10038de2 f   libucrt:_file.obj
 0001:00037df2       ___acrt_uninitialize_stdio 10038df2 f   libucrt:_file.obj
 0001:00037e3e       __lock_file                10038e3e f   libucrt:_file.obj
 0001:00037e52       __unlock_file              10038e52 f   libucrt:_file.obj
 0001:00037e66       ??$is_overflow_condition@K@__crt_strtox@@YA_NIK@Z 10038e66 f i libucrt:strtox.obj
 0001:00037e99       ??$make_c_string_character_source@DPAPAD@__crt_strtox@@YA?AV?$c_string_character_source@D@0@QBDQAPAD@Z 10038e99 f i libucrt:strtox.obj
 0001:00037eb4       ??$parse_integer@KV?$c_string_character_source@D@__crt_strtox@@@__crt_strtox@@YAKQAU__crt_locale_pointers@@V?$c_string_character_source@D@0@H_N@Z 10038eb4 f i libucrt:strtox.obj
 0001:000380dc       ?unget@?$c_string_character_source@D@__crt_strtox@@QAEXD@Z 100390dc f i libucrt:strtox.obj
 0001:00038104       __chvalidchk_l             10039104 f i libucrt:strtox.obj
 0001:0003812e       __ischartype_l             1003912e f i libucrt:strtox.obj
 0001:00038161       _strtol                    10039161 f   libucrt:strtox.obj
 0001:0003827d       _getenv                    1003927d f   libucrt:getenv.obj
 0001:00038349       _fopen                     10039349 f   libucrt:fopen.obj
 0001:00038360       __fclose_nolock            10039360 f   libucrt:fclose.obj
 0001:000383d6       _fclose                    100393d6 f   libucrt:fclose.obj
 0001:00038456       _realloc                   10039456 f   libucrt:realloc.obj
 0001:00038461       ?LongLongSub@@YAJ_J0PA_J@Z 10039461 f i libucrt:fseek.obj
 0001:0003871b       _fseek                     1003971b f   libucrt:fseek.obj
 0001:00038736       __isdigit_l                10039736 f i libucrt:_ctype.obj
 0001:0003876e       __isspace_l                1003976e f i libucrt:_ctype.obj
 0001:000387a6       _isdigit                   100397a6 f i libucrt:_ctype.obj
 0001:000387d3       _isspace                   100397d3 f i libucrt:_ctype.obj
 0001:00038800       _strncat                   10039800 f   libucrt:strncat.obj
 0001:00038935       __fread_nolock_s           10039935 f   libucrt:fread.obj
 0001:00038b01       _fread                     10039b01 f   libucrt:fread.obj
 0001:00038b1e       _fread_s                   10039b1e f   libucrt:fread.obj
 0001:00038bb1       ___ascii_stricmp           10039bb1 f   libucrt:stricmp.obj
 0001:00038bec       __stricmp                  10039bec f   libucrt:stricmp.obj
 0001:00038c34       __stricmp_l                10039c34 f   libucrt:stricmp.obj
 0001:00038cce       __seh_filter_dll           10039cce f   libucrt:exception_filter.obj
 0001:00038cee       __seh_filter_exe           10039cee f   libucrt:exception_filter.obj
 0001:0003907c       ___acrt_initialize_thread_local_exit_callback 1003a07c f   libucrt:exit.obj
 0001:0003908b       __cexit                    1003a08b f   libucrt:exit.obj
 0001:0003909a       __exit                     1003a09a f   libucrt:exit.obj
 0001:000390b0       __is_c_termination_complete 1003a0b0 f   libucrt:exit.obj
 0001:0003934f       ___acrt_allocate_buffer_for_argv 1003a34f f   libucrt:argv_parsing.obj
 0001:000393a4       __configure_narrow_argv    1003a3a4 f   libucrt:argv_parsing.obj
 0001:000395b6       ??$uninitialize@A6AXAAPAPAD@Z@?$dual_state_global@PAPAD@__crt_state_management@@QAEXA6AXAAPAPAD@Z@Z 1003a5b6 f i libucrt:environment_initialization.obj
 0001:000395b6       ??$uninitialize@A6AXAAPAPA_W@Z@?$dual_state_global@PAPA_W@__crt_state_management@@QAEXA6AXAAPAPA_W@Z@Z 1003a5b6 f i libucrt:environment_initialization.obj
 0001:0003962c       ___dcrt_get_or_create_narrow_environment_nolock 1003a62c f   libucrt:environment_initialization.obj
 0001:00039631       ___dcrt_uninitialize_environments_nolock 1003a631 f   libucrt:environment_initialization.obj
 0001:00039668       __initialize_narrow_environment 1003a668 f   libucrt:environment_initialization.obj
 0001:0003966d       ??$?RV<lambda_800076c951b434888f4765a74a194fcc>@@AAV<lambda_4e60a939b0d047cfe11ddc22648dfba9>@@V<lambda_6dbb1268764f43b569ce7b67e331d33a>@@@?$__crt_seh_guarded_call@H@@QAEH$$QAV<lambda_800076c951b434888f4765a74a194fcc>@@AAV<lambda_4e60a939b0d047cfe11ddc22648dfba9>@@$$QAV<lambda_6dbb1268764f43b569ce7b67e331d33a>@@@Z 1003a66d f i libucrt:onexit.obj
 0001:000396be       ??$?RV<lambda_995298e7d72eb4c2aab26c0585b3abe5>@@AAV<lambda_275893d493268fdec8709772e3fcec0e>@@V<lambda_293819299cbf9a7022e18b56a874bb5c>@@@?$__crt_seh_guarded_call@H@@QAEH$$QAV<lambda_995298e7d72eb4c2aab26c0585b3abe5>@@AAV<lambda_275893d493268fdec8709772e3fcec0e>@@$$QAV<lambda_293819299cbf9a7022e18b56a874bb5c>@@@Z 1003a6be f i libucrt:onexit.obj
 0001:0003970f       ??$__acrt_lock_and_call@V<lambda_275893d493268fdec8709772e3fcec0e>@@@@YAHW4__acrt_lock_id@@$$QAV<lambda_275893d493268fdec8709772e3fcec0e>@@@Z 1003a70f f i libucrt:onexit.obj
 0001:00039737       ??$__acrt_lock_and_call@V<lambda_4e60a939b0d047cfe11ddc22648dfba9>@@@@YAHW4__acrt_lock_id@@$$QAV<lambda_4e60a939b0d047cfe11ddc22648dfba9>@@@Z 1003a737 f i libucrt:onexit.obj
 0001:0003975f       ??$__crt_fast_encode_pointer@P6AHXZ@@YAP6AHXZQ6AHXZ@Z 1003a75f f i libucrt:onexit.obj
 0001:000399df       __crt_atexit               1003a9df f   libucrt:onexit.obj
 0001:000399f5       __execute_onexit_table     1003a9f5 f   libucrt:onexit.obj
 0001:00039a12       __initialize_onexit_table  1003aa12 f   libucrt:onexit.obj
 0001:00039a4f       __register_onexit_function 1003aa4f f   libucrt:onexit.obj
 0001:00039aa7       ___acrt_uninitialize_command_line 1003aaa7 f   libucrt:argv_data.obj
 0001:00039b67       ___acrt_initialize         1003ab67 f   libucrt:initialization.obj
 0001:00039b79       ___acrt_thread_attach      1003ab79 f   libucrt:initialization.obj
 0001:00039b84       ___acrt_thread_detach      1003ab84 f   libucrt:initialization.obj
 0001:00039b8c       ___acrt_uninitialize       1003ab8c f   libucrt:initialization.obj
 0001:00039b9e       ___acrt_uninitialize_critical 1003ab9e f   libucrt:initialization.obj
 0001:00039bb0       __initterm                 1003abb0 f   libucrt:initterm.obj
 0001:00039c0c       __initterm_e               1003ac0c f   libucrt:initterm.obj
 0001:00039c51       _terminate                 1003ac51 f   libucrt:terminate.obj
 0001:00039c8d       __free_base                1003ac8d f   libucrt:free_base.obj
 0001:00039cc7       __malloc_base              1003acc7 f   libucrt:malloc_base.obj
 0001:00039d15       _strcpy_s                  1003ad15 f   libucrt:strcpy_s.obj
 0001:00039d6f       _abort                     1003ad6f f   libucrt:abort.obj
 0001:00039db2       __calloc_base              1003adb2 f   libucrt:calloc_base.obj
 0001:00039e0f       ___acrt_call_reportfault   1003ae0f f   libucrt:invalid_parameter.obj
 0001:00039f4a       ___acrt_initialize_invalid_parameter_handler 1003af4a f   libucrt:invalid_parameter.obj
 0001:00039f5e       __invalid_parameter        1003af5e f   libucrt:invalid_parameter.obj
 0001:00039fd9       __invalid_parameter_noinfo 1003afd9 f   libucrt:invalid_parameter.obj
 0001:00039fe9       __invoke_watson            1003afe9 f   libucrt:invalid_parameter.obj
 0001:0003a183       __tolower_l                1003b183 f   libucrt:tolower_toupper.obj
 0001:0003a19d       _tolower                   1003b19d f   libucrt:tolower_toupper.obj
 0001:0003a1cd       ___acrt_errno_from_os_error 1003b1cd f   libucrt:errno.obj
 0001:0003a210       ___acrt_errno_map_os_error 1003b210 f   libucrt:errno.obj
 0001:0003a233       ___doserrno                1003b233 f   libucrt:errno.obj
 0001:0003a246       __errno                    1003b246 f   libucrt:errno.obj
 0001:0003a259       __mbtowc_l                 1003b259 f   libucrt:mbtowc.obj
 0001:0003a353       _mbtowc                    1003b353 f   libucrt:mbtowc.obj
 0001:0003a36d       __wctomb_s_l               1003b36d f   libucrt:wctomb.obj
 0001:0003a48e       _wctomb_s                  1003b48e f   libucrt:wctomb.obj
 0001:0003a4ab       _strnlen                   1003b4ab f   libucrt:strnlen.obj
 0001:0003a5d2       _wcsnlen                   1003b5d2 f   libucrt:strnlen.obj
 0001:0003a789       ??$?RV<lambda_3518db117f0e7cdb002338c5d3c47b6c>@@AAV<lambda_b2ea41f6bbb362cd97d94c6828d90b61>@@V<lambda_abdedf541bb04549bc734292b4a045d4>@@@?$__crt_seh_guarded_call@X@@QAEX$$QAV<lambda_3518db117f0e7cdb002338c5d3c47b6c>@@AAV<lambda_b2ea41f6bbb362cd97d94c6828d90b61>@@$$QAV<lambda_abdedf541bb04549bc734292b4a045d4>@@@Z 1003b789 f i libucrt:per_thread_data.obj
 0001:0003a7d9       ??$?RV<lambda_51b6e8b1eb166f2a3faf91f424b38130>@@AAV<lambda_6250bd4b2a391816dd638c3bf72b0bcb>@@V<lambda_0b5a4a3e68152e1d9b943535f5f47bed>@@@?$__crt_seh_guarded_call@X@@QAEX$$QAV<lambda_51b6e8b1eb166f2a3faf91f424b38130>@@AAV<lambda_6250bd4b2a391816dd638c3bf72b0bcb>@@$$QAV<lambda_0b5a4a3e68152e1d9b943535f5f47bed>@@@Z 1003b7d9 f i libucrt:per_thread_data.obj
 0001:0003a83a       ??$?RV<lambda_5b71d36f03204c0beab531769a5b5694>@@AAV<lambda_be2b3da3f62db62e9dad5dc70221a656>@@V<lambda_8f9ce462984622f9bf76b59e2aaaf805>@@@?$__crt_seh_guarded_call@X@@QAEX$$QAV<lambda_5b71d36f03204c0beab531769a5b5694>@@AAV<lambda_be2b3da3f62db62e9dad5dc70221a656>@@$$QAV<lambda_8f9ce462984622f9bf76b59e2aaaf805>@@@Z 1003b83a f i libucrt:per_thread_data.obj
 0001:0003a885       ??$?RV<lambda_9df27f884b057bc3edfc946cb5b7cf47>@@AAV<lambda_e69574bed617af4e071282c136b37893>@@V<lambda_cc0d902bcbbeb830f749456577db4721>@@@?$__crt_seh_guarded_call@X@@QAEX$$QAV<lambda_9df27f884b057bc3edfc946cb5b7cf47>@@AAV<lambda_e69574bed617af4e071282c136b37893>@@$$QAV<lambda_cc0d902bcbbeb830f749456577db4721>@@@Z 1003b885 f i libucrt:per_thread_data.obj
 0001:0003a8cd       ??$__acrt_lock_and_call@V<lambda_6250bd4b2a391816dd638c3bf72b0bcb>@@@@YAXW4__acrt_lock_id@@$$QAV<lambda_6250bd4b2a391816dd638c3bf72b0bcb>@@@Z 1003b8cd f i libucrt:per_thread_data.obj
 0001:0003a8f5       ??$__acrt_lock_and_call@V<lambda_b2ea41f6bbb362cd97d94c6828d90b61>@@@@YAXW4__acrt_lock_id@@$$QAV<lambda_b2ea41f6bbb362cd97d94c6828d90b61>@@@Z 1003b8f5 f i libucrt:per_thread_data.obj
 0001:0003a91d       ??$__acrt_lock_and_call@V<lambda_be2b3da3f62db62e9dad5dc70221a656>@@@@YAXW4__acrt_lock_id@@$$QAV<lambda_be2b3da3f62db62e9dad5dc70221a656>@@@Z 1003b91d f i libucrt:per_thread_data.obj
 0001:0003a945       ??$__acrt_lock_and_call@V<lambda_e69574bed617af4e071282c136b37893>@@@@YAXW4__acrt_lock_id@@$$QAV<lambda_e69574bed617af4e071282c136b37893>@@@Z 1003b945 f i libucrt:per_thread_data.obj
 0001:0003aafb       ___acrt_freeptd            1003bafb f   libucrt:per_thread_data.obj
 0001:0003ab27       ___acrt_getptd             1003bb27 f   libucrt:per_thread_data.obj
 0001:0003abab       ___acrt_getptd_noexit      1003bbab f   libucrt:per_thread_data.obj
 0001:0003ac30       ___acrt_initialize_ptd     1003bc30 f   libucrt:per_thread_data.obj
 0001:0003ac5c       ___acrt_uninitialize_ptd   1003bc5c f   libucrt:per_thread_data.obj
 0001:0003ac76       ___acrt_update_locale_info 1003bc76 f   libucrt:locale_update.obj
 0001:0003aca3       ___acrt_update_multibyte_info 1003bca3 f   libucrt:locale_update.obj
 0001:0003acd0       ?__acrt_fp_classify@@YA?AW4__acrt_fp_class@@ABN@Z 1003bcd0 f i libucrt:cvt.obj
 0001:0003ad3c       ?__acrt_fp_is_negative@@YA_NABN@Z 1003bd3c f i libucrt:cvt.obj
 0001:0003b59b       ___acrt_fp_format          1003c59b f   libucrt:cvt.obj
 0001:0003b6e5       __fileno                   1003c6e5 f   libucrt:fileno.obj
 0001:0003b70b       __fputc_nolock             1003c70b f   libucrt:fputc.obj
 0001:0003b734       __get_printf_count_output  1003c734 f   libucrt:printf_count_output.obj
 0001:0003b749       ___acrt_stdio_begin_temporary_buffering_nolock 1003c749 f   libucrt:_sftbuf.obj
 0001:0003b7fe       ___acrt_stdio_end_temporary_buffering_nolock 1003c7fe f   libucrt:_sftbuf.obj
 0001:0003b837       ___acrt_set_locale_changed 1003c837 f   libucrt:wsetlocale.obj
 0001:0003b842       ___acrt_uninitialize_locale 1003c842 f   libucrt:wsetlocale.obj
 0001:0003ba00       ___acrt_initialize_lowio   1003ca00 f   libucrt:ioinit.obj
 0001:0003ba56       ___acrt_uninitialize_lowio 1003ca56 f   libucrt:ioinit.obj
 0001:0003bbb3       ___acrt_AreFileApisANSI@0  1003cbb3 f   libucrt:winapi_thunks.obj
 0001:0003bc01       ___acrt_CompareStringEx@36 1003cc01 f   libucrt:winapi_thunks.obj
 0001:0003bc75       ___acrt_FlsAlloc@4         1003cc75 f   libucrt:winapi_thunks.obj
 0001:0003bccb       ___acrt_FlsFree@4          1003cccb f   libucrt:winapi_thunks.obj
 0001:0003bd21       ___acrt_FlsGetValue@4      1003cd21 f   libucrt:winapi_thunks.obj
 0001:0003bd77       ___acrt_FlsSetValue@8      1003cd77 f   libucrt:winapi_thunks.obj
[...]
 0002:000048a0       _Bns                       1004d8a0     libucrt:ceil_pentium4.obj
 0002:000048b0       _Zero                      1004d8b0     libucrt:ceil_pentium4.obj
 0002:000048c0       _S                         1004d8c0     libucrt:ceil_pentium4.obj
 0002:000048d0       _NegZero                   1004d8d0     libucrt:ceil_pentium4.obj
 0002:000048e0       emask                      1004d8e0     libucrt:log10_pentium4.obj
 0002:000048f0       CC                         1004d8f0     libucrt:log10_pentium4.obj
 0002:00004900       Magic                      1004d900     libucrt:log10_pentium4.obj
 0002:00004910       hi_mask                    1004d910     libucrt:log10_pentium4.obj
 0002:00004920       LOG10_2                    1004d920     libucrt:log10_pentium4.obj
 0002:00004930       place_L                    1004d930     libucrt:log10_pentium4.obj
 0002:00004950       One                        1004d950     libucrt:log10_pentium4.obj
 0002:00004960       Zero                       1004d960     libucrt:log10_pentium4.obj
 0002:00004970       Two52                      1004d970     libucrt:log10_pentium4.obj
 0002:00004980       Infs                       1004d980     libucrt:log10_pentium4.obj
 0002:00004990       NaN                        1004d990     libucrt:log10_pentium4.obj
 0002:000049a0       coeff                      1004d9a0     libucrt:log10_pentium4.obj
 0002:000049fe       _log2max                   1004d9fe     libucrt:87tran.obj
 0002:00004a08       _smallarg                  1004da08     libucrt:87tran.obj
 0002:00004a12       _half                      1004da12     libucrt:87tran.obj
 0002:00004a5e       One                        1004da5e     libucrt:87disp.obj
 0002:00004a66       Three                      1004da66     libucrt:87disp.obj
 0002:00004a6e       XAMtoTagTab                1004da6e     libucrt:87disp.obj
 0002:00004a80       One                        1004da80     libucrt:common.obj
 0002:00004a94       DblMax                     1004da94     libucrt:common.obj
 0002:00004a9c       DblMin                     1004da9c     libucrt:common.obj
 0002:00004aa4       IeeeAdjO                   1004daa4     libucrt:common.obj
 0002:00004aac       IeeeAdjU                   1004daac     libucrt:common.obj
 0002:00004ab4       _infinity                  1004dab4     libucrt:common.obj
 0002:00004abc       _zero                      1004dabc     libucrt:common.obj
 0002:00004b08       _over                      1004db08     libucrt:fpctrl.obj
 0002:00004b14       _under                     1004db14     libucrt:fpctrl.obj
 0002:000053d8       ?_names@?1??_get_fname@@9@9 1004e3d8     libucrt:fpexcept.obj
 0002:00005628       _njsClassProperties        1004e628     njsAqDeqOptions.obj
 0002:00005768       _njsClassProperties        1004e768     njsAqEnqOptions.obj
 0002:00005800       _njsClassProperties        1004e800     njsAqMessage.obj
 0002:000059b0       _njsClassProperties        1004e9b0     njsAqQueue.obj
 0002:00005a50       _njsClassProperties        1004ea50     njsConnection.obj
 0002:00005d88       _njsCollectionProperties   1004ed88     njsDbObject.obj
 0002:00005f48       _njsErrorMessages          1004ef48     njsErrors.obj
 0002:0000603c       _dpiMinorVersion           1004f03c     dpiContext.obj
 0002:00006040       _njsClassProperties        1004f040     njsLob.obj
 0002:000061b8       _njsClassProperties        1004f1b8     njsOracleDb.obj
 0002:00006510       _njsClassProperties        1004f510     njsPool.obj
 0002:00006688       _njsClassProperties        1004f688     njsResultSet.obj
 0002:00006720       _njsClassProperties        1004f720     njsSodaCollection.obj
 0002:000068b8       _njsClassProperties        1004f8b8     njsSodaDatabase.obj
 0002:00006970       _njsClassProperties        1004f970     njsSodaDocCursor.obj
 0002:000069e8       _njsClassProperties        1004f9e8     njsSodaDocument.obj
 0002:00006b00       _njsClassProperties        1004fb00     njsSodaOperation.obj
 0002:00006c00       _dpiMajorVersion           1004fc00     dpiContext.obj
 0002:00006c04       ?schema@?1??dpiObjectType__isXmlType@@9@9 1004fc04     dpiObjectType.obj
 0002:00006c08       _dpiErrorMessages          1004fc08     dpiError.obj
 0002:00006d18       _dpiAllTypeDefs            1004fd18     dpiGen.obj
 0002:00006e58       ?name@?1??dpiObjectType__isXmlType@@9@9 1004fe58     dpiObjectType.obj
 0002:00006e5c       _dpiOciLibNames            1004fe5c     dpiOci.obj
 0002:00006e68       _dpiAllOracleTypes         1004fe68     dpiOracleType.obj
 0002:0000e880       _Int32ToUInt32             10057880     LIBCMT:_ftol3_.obj
 0002:0000e888       _DP2to32                   10057888     LIBCMT:_ftol3_.obj
 0002:0000e890       _MantissaMask              10057890     LIBCMT:_ftol3_.obj
 0002:0000e898       _IntegerBit                10057898     LIBCMT:_ftol3_.obj
 0002:0000e8a0       _SignBit64                 100578a0     LIBCMT:_ftol3_.obj
 0002:0000e8a8       _MinFP64                   100578a8     LIBCMT:_ftol3_.obj
 0002:0000e8b0       _MinInt64                  100578b0     LIBCMT:_ftol3_.obj
 0002:0000e8b8       _MaxInt64                  100578b8     LIBCMT:_ftol3_.obj
 0002:0000e8c0       _MaxUInt64                 100578c0     LIBCMT:_ftol3_.obj
 0002:0000e8c8       _MaxFP32                   100578c8     LIBCMT:_ftol3_.obj
 0002:0000e8d0       _MinFP32                   100578d0     LIBCMT:_ftol3_.obj
 0002:0000e8d8       _MinSubInexact             100578d8     LIBCMT:_ftol3_.obj
 0002:0000e8e0       _FpExcptTable              100578e0     LIBCMT:_ftol3_.obj
 0002:0000e8f0       _i1075                     100578f0     LIBCMT:_ftol3_.obj
 0002:0000e8f4       _i1087                     100578f4     LIBCMT:_ftol3_.obj
 0002:0000e8f8       _x0800                     100578f8     LIBCMT:_ftol3_.obj
 0002:0000e8fc       _x17FF                     100578fc     LIBCMT:_ftol3_.obj
 0002:0000e900       _CWMask                    10057900     LIBCMT:_ftol3_.obj
 0002:0000ed40       __sehtable$___scrt_is_nonwritable_in_current_image 10057d40     LIBCMT:utility.obj
 0002:0000ed60       __sehtable$?dllmain_crt_process_attach@@YAHQAUHINSTANCE__@@QAX@Z 10057d60     LIBCMT:dll_dllmain.obj
 0002:0000ed80       __sehtable$?dllmain_crt_process_detach@@YAH_N@Z 10057d80     LIBCMT:dll_dllmain.obj
 0002:0000eda0       __sehtable$?dllmain_dispatch@@YAHQAUHINSTANCE__@@KQAX@Z 10057da0     LIBCMT:dll_dllmain.obj
 0002:0000edc0       __sehtable$??$?RV<lambda_db08b09ef7aa9d4f8620ce68402612bc>@@AAV<lambda_4f2c1eaeead2a5fc776db5b62ea0fb9b>@@V<lambda_3ae262bc35d4ba6a3825c4f6bcaaf95c>@@@?$__crt_seh_guarded_call@H@@QAEH$$QAV<lambda_db08b09ef7aa9d4f8620ce68402612bc>@@AAV<lambda_4f2c1eaeead2a5fc776db5b62ea0fb9b>@@$$QAV<lambda_3ae262bc35d4ba6a3825c4f6bcaaf95c>@@@Z 10057dc0     libucrt:output.obj
 0002:0000ede0       __sehtable$??$common_getenv@D@@YAPADQBD@Z 10057de0     libucrt:getenv.obj
 0002:0000ee00       __sehtable$??$common_fsopen@D@@YAPAU_iobuf@@QBD0H@Z 10057e00     libucrt:fopen.obj
 0002:0000ee20       __sehtable$_fclose         10057e20     libucrt:fclose.obj
 0002:0000ee40       __sehtable$?common_fseek@@YAHV__crt_stdio_stream@@_JH@Z 10057e40     libucrt:fseek.obj
 0002:0000ee60       __sehtable$_fread_s        10057e60     libucrt:fread.obj
 0002:0000ee80       __sehtable$?common_exit@@YAXHW4_crt_exit_cleanup_mode@@W4_crt_exit_return_mode@@@Z 10057e80     libucrt:exit.obj
 0002:0000eea8       __sehtable$??$?RV<lambda_800076c951b434888f4765a74a194fcc>@@AAV<lambda_4e60a939b0d047cfe11ddc22648dfba9>@@V<lambda_6dbb1268764f43b569ce7b67e331d33a>@@@?$__crt_seh_guarded_call@H@@QAEH$$QAV<lambda_800076c951b434888f4765a74a194fcc>@@AAV<lambda_4e60a939b0d047cfe11ddc22648dfba9>@@$$QAV<lambda_6dbb1268764f43b569ce7b67e331d33a>@@@Z 10057ea8     libucrt:onexit.obj
 0002:0000eec8       __sehtable$??$?RV<lambda_995298e7d72eb4c2aab26c0585b3abe5>@@AAV<lambda_275893d493268fdec8709772e3fcec0e>@@V<lambda_293819299cbf9a7022e18b56a874bb5c>@@@?$__crt_seh_guarded_call@H@@QAEH$$QAV<lambda_995298e7d72eb4c2aab26c0585b3abe5>@@AAV<lambda_275893d493268fdec8709772e3fcec0e>@@$$QAV<lambda_293819299cbf9a7022e18b56a874bb5c>@@@Z 10057ec8     libucrt:onexit.obj
 0002:0000eee8       __sehtable$_terminate      10057ee8     libucrt:terminate.obj
 0002:0000ef08       __sehtable$??$?RV<lambda_9df27f884b057bc3edfc946cb5b7cf47>@@AAV<lambda_e69574bed617af4e071282c136b37893>@@V<lambda_cc0d902bcbbeb830f749456577db4721>@@@?$__crt_seh_guarded_call@X@@QAEX$$QAV<lambda_9df27f884b057bc3edfc946cb5b7cf47>@@AAV<lambda_e69574bed617af4e071282c136b37893>@@$$QAV<lambda_cc0d902bcbbeb830f749456577db4721>@@@Z 10057f08     libucrt:per_thread_data.obj
 0002:0000ef28       __sehtable$??$?RV<lambda_3518db117f0e7cdb002338c5d3c47b6c>@@AAV<lambda_b2ea41f6bbb362cd97d94c6828d90b61>@@V<lambda_abdedf541bb04549bc734292b4a045d4>@@@?$__crt_seh_guarded_call@X@@QAEX$$QAV<lambda_3518db117f0e7cdb002338c5d3c47b6c>@@AAV<lambda_b2ea41f6bbb362cd97d94c6828d90b61>@@$$QAV<lambda_abdedf541bb04549bc734292b4a045d4>@@@Z 10057f28     libucrt:per_thread_data.obj
 0002:0000ef48       __sehtable$??$?RV<lambda_51b6e8b1eb166f2a3faf91f424b38130>@@AAV<lambda_6250bd4b2a391816dd638c3bf72b0bcb>@@V<lambda_0b5a4a3e68152e1d9b943535f5f47bed>@@@?$__crt_seh_guarded_call@X@@QAEX$$QAV<lambda_51b6e8b1eb166f2a3faf91f424b38130>@@AAV<lambda_6250bd4b2a391816dd638c3bf72b0bcb>@@$$QAV<lambda_0b5a4a3e68152e1d9b943535f5f47bed>@@@Z 10057f48     libucrt:per_thread_data.obj
 0002:0000ef68       __sehtable$??$?RV<lambda_5b71d36f03204c0beab531769a5b5694>@@AAV<lambda_be2b3da3f62db62e9dad5dc70221a656>@@V<lambda_8f9ce462984622f9bf76b59e2aaaf805>@@@?$__crt_seh_guarded_call@X@@QAEX$$QAV<lambda_5b71d36f03204c0beab531769a5b5694>@@AAV<lambda_be2b3da3f62db62e9dad5dc70221a656>@@$$QAV<lambda_8f9ce462984622f9bf76b59e2aaaf805>@@@Z 10057f68     libucrt:per_thread_data.obj
 0002:0000ef88       __sehtable$___acrt_uninitialize_locale 10057f88     libucrt:wsetlocale.obj
 0002:0000efa8       __sehtable$___acrt_initialize_lowio 10057fa8     libucrt:ioinit.obj
 0002:0000efc8       __sehtable$__fcloseall     10057fc8     libucrt:closeall.obj
 0002:0000efe8       __sehtable$_common_flush_all 10057fe8     libucrt:fflush.obj
 0002:0000f010       __sehtable$?__acrt_stdio_allocate_stream@@YA?AV__crt_stdio_stream@@XZ 10058010     libucrt:stream.obj
 0002:0000f030       __sehtable$??$?RV<lambda_123407a5e2ac06da108355a851863b7a>@@AAV<lambda_2fe9b910cf3cbf4a0ab98a02ba45b3ec>@@V<lambda_ae55bdf541ad94d75914d381c370e64d>@@@?$__crt_seh_guarded_call@H@@QAEH$$QAV<lambda_123407a5e2ac06da108355a851863b7a>@@AAV<lambda_2fe9b910cf3cbf4a0ab98a02ba45b3ec>@@$$QAV<lambda_ae55bdf541ad94d75914d381c370e64d>@@@Z 10058030     libucrt:close.obj
 0002:0000f050       __sehtable$??$common_lseek@_J@@YA_JH_JH@Z 10058050     libucrt:lseek.obj
 0002:0000f070       __sehtable$__read          10058070     libucrt:read.obj
 0002:0000f090       __sehtable$___acrt_update_thread_multibyte_data 10058090     libucrt:mbctype.obj
 0002:0000f0b0       __sehtable$??$?RV<lambda_978dc153c237d78434369da87b74ff60>@@AAV<lambda_ad1ced32f4ac17aa236e5ef05d6b3b7c>@@V<lambda_4a8533e2866a575feecb8298ce776b0d>@@@?$__crt_seh_guarded_call@X@@QAEX$$QAV<lambda_978dc153c237d78434369da87b74ff60>@@AAV<lambda_ad1ced32f4ac17aa236e5ef05d6b3b7c>@@$$QAV<lambda_4a8533e2866a575feecb8298ce776b0d>@@@Z 100580b0     libucrt:mbctype.obj
 0002:0000f0d0       __sehtable$__query_new_handler 100580d0     libucrt:new_handler.obj
 0002:0000f0f0       __sehtable$_raise          100580f0     libucrt:signal.obj
 0002:0000f110       __sehtable$??$?RV<lambda_a048d3beccc847880fc8490e18b82769>@@AAV<lambda_ec61778202f4f5fc7e7711acc23c3bca>@@V<lambda_f7496a158712204296dd6628a163878e>@@@?$__crt_seh_guarded_call@P6AXH@Z@@QAEP6AXH@Z$$QAV<lambda_a048d3beccc847880fc8490e18b82769>@@AAV<lambda_ec61778202f4f5fc7e7711acc23c3bca>@@$$QAV<lambda_f7496a158712204296dd6628a163878e>@@@Z 10058110     libucrt:signal.obj
 0002:0000f130       __sehtable$___acrt_update_thread_locale_data 10058130     libucrt:locale_refcounting.obj
 0002:0000f150       __sehtable$__alloc_osfhnd  10058150     libucrt:osfinfo.obj
 0002:0000f170       __sehtable$___acrt_lowio_ensure_fh_exists 10058170     libucrt:osfinfo.obj
 0002:0000f190       __sehtable$??$?RV<lambda_61cee617f5178ae960314fd4d05640a0>@@AAV<lambda_6978c1fb23f02e42e1d9e99668cc68aa>@@V<lambda_9cd88cf8ad10232537feb2133f08c833>@@@?$__crt_seh_guarded_call@H@@QAEH$$QAV<lambda_61cee617f5178ae960314fd4d05640a0>@@AAV<lambda_6978c1fb23f02e42e1d9e99668cc68aa>@@$$QAV<lambda_9cd88cf8ad10232537feb2133f08c833>@@@Z 10058190     libucrt:commit.obj
 0002:0000f1b0       __sehtable$__write         100581b0     libucrt:write.obj
 0002:0000f1d0       __sehtable$??$common_sopen_dispatch@D@@YAHQBDHHHQAHH@Z 100581d0     libucrt:open.obj
 0002:0000f1f0       __sehtable$__IsNonwritableInCurrentImage 100581f0     LIBCMT:pesect.obj
 0002:0000fa90       .edata                     10058a90     oracledb.exp
 0002:0000fab8       rgpv                       10058ab8     oracledb.exp
 0002:0000fabc       rgszName                   10058abc     oracledb.exp
 0002:0000fac0       rgwOrd                     10058ac0     oracledb.exp
 0002:0000fac2       szName                     10058ac2     oracledb.exp
 0002:0000fad0       $N00001                    10058ad0     oracledb.exp
 0002:0000fdaa       .idata$6                   10058daa     kernel32:KERNEL32.dll
 0003:00000010       ?__vcrt_flsindex@@3KA      1005a010     libvcruntime:per_thread_data.obj
 0003:000000e4       _errno_no_memory           1005a0e4     libucrt:errno.obj
 0003:000000e8       _doserrno_no_memory        1005a0e8     libucrt:errno.obj
 0003:000000ec       ___acrt_flsindex           1005a0ec     libucrt:per_thread_data.obj
 0003:000002e8       ___rgctypeflag             1005a2e8     libucrt:mbctype.obj
 0003:000002f0       ___rgcode_page_info        1005a2f0     libucrt:mbctype.obj
 0003:00000890       __module                   1005a890     njsModule.obj
 0003:000008b8       _njsClassConstants         1005a8b8     njsOracleDb.obj
 0003:00000c20       _dpiDebugPrefixFormat      1005ac20     dpiDebug.obj
 0003:00000d88       _GS_ExceptionRecord        1005ad88     LIBCMT:gs_report.obj
 0003:00000dd8       _GS_ContextRecord          1005add8     LIBCMT:gs_report.obj
 0003:000010ac       ?module_local_atexit_table@@3U_onexit_table_t@@A 1005b0ac     LIBCMT:utility.obj
 0003:000010b8       ?module_local_at_quick_exit_table@@3U_onexit_table_t@@A 1005b0b8     LIBCMT:utility.obj
 0003:000010c4       ?is_initialized_as_dll@@3_NA 1005b0c4     LIBCMT:utility.obj
 0003:000010c8       ?__proc_attached@@3HA      1005b0c8     LIBCMT:dll_dllmain.obj
 0003:000010e8       ?__vcrt_startup_thread_ptd@@3U__vcrt_ptd@@A 1005b0e8     libvcruntime:per_thread_data.obj
 0003:00001110       ___vcrt_lock_table         1005b110     libvcruntime:locks.obj
 0003:00001128       ___vcrt_locks_initialized  1005b128     libvcruntime:locks.obj
 0003:0000112c       ?module_handles@@3PAPAUHINSTANCE__@@A 1005b12c     libvcruntime:winapi_downlevel.obj
 0003:0000113c       ?encoded_function_pointers@@3PAPAXA 1005b13c     libvcruntime:winapi_downlevel.obj
 0003:0000118c       ?heap@@3V_HeapManager@@A   1005b18c     libvcruntime:undname.obj
 0003:000011ac       _c_termination_complete    1005b1ac     libucrt:exit.obj
 0003:000011b0       _thread_local_exit_callback_func 1005b1b0     libucrt:exit.obj
 0003:000011b4       ?c_exit_complete@?5??common_exit@@YAXHW4_crt_exit_cleanup_mode@@W4_crt_exit_return_mode@@@Z@4_NA 1005b1b4     libucrt:exit.obj
 0003:000011b8       ?program_name@?5???$common_configure_argv@D@@YAHW4_crt_argv_mode@@@Z@4PADA 1005b1b8     libucrt:argv_parsing.obj
 0003:000012e8       ___acrt_invalid_parameter_handler 1005b2e8     libucrt:invalid_parameter.obj
 0003:000012ec       _enable_percent_n          1005b2ec     libucrt:printf_count_output.obj
 0003:00001508       _module_handles            1005b508     libucrt:winapi_thunks.obj
 0003:00001558       _encoded_function_pointers 1005b558     libucrt:winapi_thunks.obj
 0003:000015d8       ?state_cache@?1??__acrt_is_packaged_app@@9@4JA 1005b5d8     libucrt:winapi_thunks.obj
 0003:000015e0       ___acrt_lock_table         1005b5e0     libucrt:locks.obj
 0003:00001718       ___acrt_locks_initialized  1005b718     libucrt:locks.obj
 0003:00001734       _fSystemSet                1005b734     libucrt:mbctype.obj
 0003:00001738       ?initialized@?1??__acrt_initialize_multibyte@@9@4_NA 1005b738     libucrt:mbctype.obj
 0003:00001758       ___acrt_new_handler        1005b758     libucrt:new_handler.obj
 0003:0000175c       _ctrlc_action              1005b75c     libucrt:signal.obj
 0003:00001760       _ctrlbreak_action          1005b760     libucrt:signal.obj
 0003:00001764       _abort_action              1005b764     libucrt:signal.obj
 0003:00001768       _term_action               1005b768     libucrt:signal.obj
 0003:0000176c       _user_matherr              1005b76c     libucrt:matherr.obj
 0003:00001770       ___acrt_global_new_mode    1005b770     libucrt:new_mode.obj
 0003:00001780       ___acrt_app_type           1005b780     libucrt:report_runtime_error.obj
 0003:0000178c       __pmatherr_set             1005b78c     libucrt:libm_error.obj
 0003:000017b4       _dpiDebugStream            1005b7b4     dpiDebug.obj
 0003:000017b8       _dpiGlobalEnvHandle        1005b7b8     dpiGlobal.obj
 0003:000017bc       _dpiGlobalInitialized      1005b7bc     dpiGlobal.obj
 0003:000017c0       _dpiGlobalErrorHandle      1005b7c0     dpiGlobal.obj
 0003:000017c4       _dpiGlobalThreadKey        1005b7c4     dpiGlobal.obj
 0003:000017c8       _dpiOciLibHandle           1005b7c8     dpiOci.obj
 0003:000017d0       _dpiGlobalErrorBuffer      1005b7d0     dpiGlobal.obj
 0003:00002450       _dpiGlobalMutex            1005c450     dpiGlobal.obj
 0003:00002468       _dpiOciLibVersionInfo      1005c468     dpiOci.obj
 0003:00002480       _dpiOciSymbols             1005c480     dpiOci.obj
 0004:00000000       __guard_fids____dcrt_uninitialize_environments_nolock 1005d000     libucrt:environment_initialization.obj
 0004:00000008       __guard_fids__             1005d008     libucrt:initialization.obj
 0004:00000068       __guard_fids____acrt_initialize_ptd 1005d068     libucrt:per_thread_data.obj
 0004:0000006c       __guard_fids__             1005d06c     libucrt:stdio_initializer.obj
 0004:00000070       __guard_fids__             1005d070     libucrt:stdio_initializer.obj
 0004:00000074       __guard_fids_??$expand_argument_wildcards@D@@YAHQAD0AAV?$argument_list@D@?A0xb0e4b824@@@Z 1005d074     libucrt:argv_wildcards.obj
 0004:00000078       __guard_fids__             1005d078     libucrt:locale_initializer.obj
 0004:0000007c       __guard_fids__             1005d07c     libucrt:multibyte_initializer.obj
 0004:00000080       __guard_fids____libm_error_support 1005d080     libucrt:libm_error.obj
 0004:00000084       __guard_fids__             1005d084     libucrt:sse2_initializer.obj
 0004:00000088       __guard_fids__             1005d088     libucrt:console_output_initializer.obj
 0004:0000008c       __guard_fids_?dllmain_crt_process_attach@@YAHQAUHINSTANCE__@@QAX@Z 1005d08c     LIBCMT:dll_dllmain.obj
 0004:00000094       __guard_fids_?dllmain_dispatch@@YAHQAUHINSTANCE__@@KQAX@Z 1005d094     LIBCMT:dll_dllmain.obj
 0004:00000098       __guard_fids__             1005d098     LIBCMT:guard_support.obj
 0004:0000009c       __guard_fids____vcrt_initialize_ptd 1005d09c     libvcruntime:per_thread_data.obj
 0005:00000060       $R000000                   1005e060     * linker generated manifest res *

 Exports

  ordinal    name

        1    __register_oracledb_
               exported name: _register_oracledb_
